93.51.235.135 - - [11/Sep/2020:05:45:52 -0400] "GET /assets/vendor.js?v=1583857504642 HTTP/1.0" 200 816235 "http://www.wesseling-lab.com/" "Mozilla/5.0 (Windows NT 10.0; Win64; x64; rv:80.0) Gecko/20100101 Firefox/80.0"
85.115.52.140 - - [11/Sep/2020:05:45:53 -0400] "GET /assets/css/publish/publish.css?v=1583857504642 HTTP/1.0" 200 520428 "-" "Mozilla/5.0 (Windows NT 5.1) AppleWebKit/534.30 (KHTML, like Gecko) Chrome/12.0.742.91 Safari/534.30"
85.115.52.140 - - [11/Sep/2020:05:45:53 -0400] "GET /styles/9dbed594-7b92-4109-b62e-0166ee380fdb.css HTTP/1.0" 200 48708 "-" "Mozilla/4.0 (compatible; MSIE 8.0; Windows NT 5.1; Trident/4.0)"
93.51.235.135 - - [11/Sep/2020:05:46:08 -0400] "GET /__static/584f3b020785c35d43da251f24f4136c/noelia(4).png HTTP/1.0" 200 10731 "http://www.wesseling-lab.com/people/" "Mozilla/5.0 (Windows NT 10.0; Win64; x64; rv:80.0) Gecko/20100101 Firefox/80.0"
93.51.235.135 - - [11/Sep/2020:05:46:08 -0400] "GET /__static/5694436972a1eb9fe9b772e4f63a8ac2/juanjo(4).png HTTP/1.0" 200 14196 "http://www.wesseling-lab.com/people/" "Mozilla/5.0 (Windows NT 10.0; Win64; x64; rv:80.0) Gecko/20100101 Firefox/80.0"
93.51.235.135 - - [11/Sep/2020:05:46:23 -0400] "GET /__static/ae65de03e1d87a3bb269f2facf3f29fd/capture_-20-ptheader_crpd.png HTTP/1.0" 200 261808 "http://www.wesseling-lab.com/frequencydynamics/" "Mozilla/5.0 (Windows NT 10.0; Win64; x64; rv:80.0) Gecko/20100101 Firefox/80.0"
66.249.64.14 - - [11/Sep/2020:05:56:38 -0400] "GET / HTTP/1.0" 200 22707 "-" "Mozilla/5.0 (compatible; Googlebot/2.1; +http://www.google.com/bot.html)"
91.207.114.54 - - [11/Sep/2020:06:07:22 -0400] "GET /assets/css/publish/publish.css?v=1583857504642 HTTP/1.0" 200 520428 "http://www.wesseling-lab.com/" "Mozilla/5.0 (Windows NT 6.0) AppleWebKit/537.36 (KHTML, like Gecko) Chrome/49.0.2623.112 Safari/537.36"
91.207.114.54 - - [11/Sep/2020:06:07:30 -0400] "GET /__static/1b3121e55bb702857a116babeaebee99/wesselinglablogo_in_2017(2).png HTTP/1.0" 200 8545 "http://www.wesseling-lab.com/" "Mozilla/5.0 (Windows NT 6.0) AppleWebKit/537.36 (KHTML, like Gecko) Chrome/49.0.2623.112 Safari/537.36"
91.207.114.54 - - [11/Sep/2020:06:14:28 -0400] "GET /__static/1fdef9aefd6892b7f6e64ae7020779c9/fullmodel-125-_wheader_crpd.png HTTP/1.0" 200 283751 "http://www.wesseling-lab.com/modelofratelimiting/" "Mozilla/5.0 (Windows NT 6.0) AppleWebKit/537.36 (KHTML, like Gecko) Chrome/49.0.2623.112 Safari/537.36"
91.207.114.54 - - [11/Sep/2020:06:16:49 -0400] "GET /__static/ae65de03e1d87a3bb269f2facf3f29fd/capture_-20-ptheader_crpd.png HTTP/1.0" 200 261808 "http://www.wesseling-lab.com/frequencydynamics/" "Mozilla/5.0 (Windows NT 6.0) AppleWebKit/537.36 (KHTML, like Gecko) Chrome/49.0.2623.112 Safari/537.36"
119.160.117.218 - - [11/Sep/2020:11:53:47 -0400] "GET /assets/css/publish/common.css?v=1583857504642 HTTP/1.0" 200 4636 "http://www.wesseling-lab.com/" "Mozilla/5.0 (iPhone; CPU iPhone OS 13_6 like Mac OS X) AppleWebKit/605.1.15 (KHTML, like Gecko) CriOS/76.0.3809.81 Mobile/15E148 Safari/605.1"
119.160.117.218 - - [11/Sep/2020:11:54:37 -0400] "GET /assets/icons/publish.svg HTTP/1.0" 200 74650 "http://www.wesseling-lab.com/people/" "Mozilla/5.0 (iPhone; CPU iPhone OS 13_6 like Mac OS X) AppleWebKit/605.1.15 (KHTML, like Gecko) CriOS/76.0.3809.81 Mobile/15E148 Safari/605.1"
119.160.117.218 - - [11/Sep/2020:11:54:38 -0400] "GET /__static/c3aef466728597c90a36c7332e85fe33/wesseling_john_-02-jpg.png HTTP/1.0" 200 8718 "http://www.wesseling-lab.com/people/" "Mozilla/5.0 (iPhone; CPU iPhone OS 13_6 like Mac OS X) AppleWebKit/605.1.15 (KHTML, like Gecko) CriOS/76.0.3809.81 Mobile/15E148 Safari/605.1"
119.160.117.218 - - [11/Sep/2020:11:55:38 -0400] "GET /assets/svg/global.svg?v=2 HTTP/1.0" 200 56676 "http://www.wesseling-lab.com/" "Mozilla/5.0 (iPhone; CPU iPhone OS 13_6 like Mac OS X) AppleWebKit/605.1.15 (KHTML, like Gecko) CriOS/76.0.3809.81 Mobile/15E148 Safari/605.1"
176.240.200.217 - - [11/Sep/2020:17:45:50 -0400] "GET /assets/css/publish/common.css?v=1583857504642 HTTP/1.0" 200 4636 "http://www.wesseling-lab.com/" "Mozilla/5.0 (Macintosh; Intel Mac OS X 10_11_6) AppleWebKit/537.36 (KHTML, like Gecko) Chrome/85.0.4183.83 Safari/537.36"
176.240.200.217 - - [11/Sep/2020:17:45:54 -0400] "GET /assets/svg/templates.svg?v=2 HTTP/1.0" 200 77177 "http://www.wesseling-lab.com/" "Mozilla/5.0 (Macintosh; Intel Mac OS X 10_11_6) AppleWebKit/537.36 (KHTML, like Gecko) Chrome/85.0.4183.83 Safari/537.36"
176.240.200.217 - - [11/Sep/2020:17:47:38 -0400] "GET /__static/5694436972a1eb9fe9b772e4f63a8ac2/juanjo(4).png HTTP/1.0" 200 14196 "http://www.wesseling-lab.com/people/" "Mozilla/5.0 (Macintosh; Intel Mac OS X 10_11_6) AppleWebKit/537.36 (KHTML, like Gecko) Chrome/85.0.4183.83 Safari/537.36"
52.71.155.178 - - [11/Sep/2020:00:53:41 -0400] "GET /robots.txt HTTP/1.0" 200 25 "-" "Mozilla/5.0 (Macintosh; Intel Mac OS X 10_10_1) AppleWebKit/600.1.25 (KHTML, like Gecko) Version/8.0 Safari/600.1.25"
85.115.52.140 - - [11/Sep/2020:05:45:52 -0400] "GET / HTTP/1.0" 200 22707 "-" "Mozilla/5.0 (Windows NT 5.1) AppleWebKit/534.30 (KHTML, like Gecko) Chrome/12.0.742.91 Safari/534.30"
93.51.235.135 - - [11/Sep/2020:05:46:08 -0400] "GET /__static/c3aef466728597c90a36c7332e85fe33/wesseling_john_-02-jpg.png HTTP/1.0" 200 8718 "http://www.wesseling-lab.com/people/" "Mozilla/5.0 (Windows NT 10.0; Win64; x64; rv:80.0) Gecko/20100101 Firefox/80.0"
66.249.64.15 - - [11/Sep/2020:05:56:38 -0400] "GET /robots.txt HTTP/1.0" 200 25 "-" "Mozilla/5.0 (compatible; Googlebot/2.1; +http://www.google.com/bot.html)"
91.207.114.54 - - [11/Sep/2020:06:07:21 -0400] "GET / HTTP/1.0" 200 22707 "-" "Mozilla/5.0 (Windows NT 6.0) AppleWebKit/537.36 (KHTML, like Gecko) Chrome/49.0.2623.112 Safari/537.36"
91.207.114.54 - - [11/Sep/2020:06:14:21 -0400] "GET /modelofratelimiting HTTP/1.0" 301 257 "http://www.wesseling-lab.com/" "Mozilla/5.0 (Windows NT 6.0) AppleWebKit/537.36 (KHTML, like Gecko) Chrome/49.0.2623.112 Safari/537.36"
91.207.114.54 - - [11/Sep/2020:06:14:50 -0400] "GET /people/ HTTP/1.0" 200 21714 "http://www.wesseling-lab.com/modelofratelimiting/" "Mozilla/5.0 (Windows NT 6.0) AppleWebKit/537.36 (KHTML, like Gecko) Chrome/49.0.2623.112 Safari/537.36"
91.207.114.54 - - [11/Sep/2020:06:14:55 -0400] "GET /__static/584f3b020785c35d43da251f24f4136c/noelia(4).png HTTP/1.0" 200 10731 "http://www.wesseling-lab.com/people/" "Mozilla/5.0 (Windows NT 6.0) AppleWebKit/537.36 (KHTML, like Gecko) Chrome/49.0.2623.112 Safari/537.36"
119.160.117.218 - - [11/Sep/2020:11:53:42 -0400] "GET /__static/icons.svg HTTP/1.0" 200 46 "http://www.wesseling-lab.com/" "Mozilla/5.0 (iPhone; CPU iPhone OS 13_6 like Mac OS X) AppleWebKit/605.1.15 (KHTML, like Gecko) CriOS/76.0.3809.81 Mobile/15E148 Safari/605.1"
119.160.117.218 - - [11/Sep/2020:11:53:42 -0400] "GET /assets/svg/global.svg?v=2 HTTP/1.0" 200 56676 "http://www.wesseling-lab.com/" "Mozilla/5.0 (iPhone; CPU iPhone OS 13_6 like Mac OS X) AppleWebKit/605.1.15 (KHTML, like Gecko) CriOS/76.0.3809.81 Mobile/15E148 Safari/605.1"
119.160.117.218 - - [11/Sep/2020:11:53:44 -0400] "GET / HTTP/1.0" 200 22707 "-" "Mozilla/5.0 (iPhone; CPU iPhone OS 13_6 like Mac OS X) AppleWebKit/605.1.15 (KHTML, like Gecko) CriOS/76.0.3809.81 Mobile/15E148 Safari/605.1"
119.160.117.218 - - [11/Sep/2020:11:53:48 -0400] "GET /assets/publish.js?v=1583857504642 HTTP/1.0" 200 3548756 "http://www.wesseling-lab.com/" "Mozilla/5.0 (iPhone; CPU iPhone OS 13_6 like Mac OS X) AppleWebKit/605.1.15 (KHTML, like Gecko) CriOS/76.0.3809.81 Mobile/15E148 Safari/605.1"
119.160.117.218 - - [11/Sep/2020:11:54:15 -0400] "GET /assets/svg/global.svg?v=2 HTTP/1.0" 200 56676 "http://www.wesseling-lab.com/modelofratelimiting/" "Mozilla/5.0 (iPhone; CPU iPhone OS 13_6 like Mac OS X) AppleWebKit/605.1.15 (KHTML, like Gecko) CriOS/76.0.3809.81 Mobile/15E148 Safari/605.1"
119.160.117.218 - - [11/Sep/2020:11:54:15 -0400] "GET /__static/icons.svg HTTP/1.0" 200 46 "http://www.wesseling-lab.com/modelofratelimiting/" "Mozilla/5.0 (iPhone; CPU iPhone OS 13_6 like Mac OS X) AppleWebKit/605.1.15 (KHTML, like Gecko) CriOS/76.0.3809.81 Mobile/15E148 Safari/605.1"
119.160.117.218 - - [11/Sep/2020:11:54:16 -0400] "GET /__static/1fdef9aefd6892b7f6e64ae7020779c9/fullmodel-125-_wheader_crpd.png HTTP/1.0" 200 283751 "http://www.wesseling-lab.com/modelofratelimiting/" "Mozilla/5.0 (iPhone; CPU iPhone OS 13_6 like Mac OS X) AppleWebKit/605.1.15 (KHTML, like Gecko) CriOS/76.0.3809.81 Mobile/15E148 Safari/605.1"
119.160.117.218 - - [11/Sep/2020:11:54:37 -0400] "GET /__static/icons.svg HTTP/1.0" 200 46 "http://www.wesseling-lab.com/people/" "Mozilla/5.0 (iPhone; CPU iPhone OS 13_6 like Mac OS X) AppleWebKit/605.1.15 (KHTML, like Gecko) CriOS/76.0.3809.81 Mobile/15E148 Safari/605.1"
119.160.117.218 - - [11/Sep/2020:11:55:28 -0400] "GET /__static/icons.svg HTTP/1.0" 200 46 "http://www.wesseling-lab.com/frequencydynamics/" "Mozilla/5.0 (iPhone; CPU iPhone OS 13_6 like Mac OS X) AppleWebKit/605.1.15 (KHTML, like Gecko) CriOS/76.0.3809.81 Mobile/15E148 Safari/605.1"
168.81.93.201 - - [11/Sep/2020:12:12:56 -0400] "GET / HTTP/1.0" 200 22707 "-" "Mozilla/5.0 (Macintosh; Intel Mac OS X 10_13_4) AppleWebKit/537.36 (KHTML, like Gecko) Chrome/67.0.3396.62 Safari/537.36"
176.240.200.217 - - [11/Sep/2020:17:45:52 -0400] "GET /assets/vendor.js?v=1583857504642 HTTP/1.0" 200 816235 "http://www.wesseling-lab.com/" "Mozilla/5.0 (Macintosh; Intel Mac OS X 10_11_6) AppleWebKit/537.36 (KHTML, like Gecko) Chrome/85.0.4183.83 Safari/537.36"
176.240.200.217 - - [11/Sep/2020:17:45:58 -0400] "GET /__static/3a16708949469375dead6a4da8d0b484/modelbig.png HTTP/1.0" 200 20584 "http://www.wesseling-lab.com/" "Mozilla/5.0 (Macintosh; Intel Mac OS X 10_11_6) AppleWebKit/537.36 (KHTML, like Gecko) Chrome/85.0.4183.83 Safari/537.36"
176.240.200.217 - - [11/Sep/2020:17:47:37 -0400] "GET /people/ HTTP/1.0" 200 21714 "http://www.wesseling-lab.com/" "Mozilla/5.0 (Macintosh; Intel Mac OS X 10_11_6) AppleWebKit/537.36 (KHTML, like Gecko) Chrome/85.0.4183.83 Safari/537.36"
93.51.235.135 - - [11/Sep/2020:05:45:51 -0400] "GET / HTTP/1.0" 200 22707 "-" "Mozilla/5.0 (Windows NT 10.0; Win64; x64; rv:80.0) Gecko/20100101 Firefox/80.0"
93.51.235.135 - - [11/Sep/2020:05:45:51 -0400] "GET /assets/css/publish/common.css?v=1583857504642 HTTP/1.0" 200 4636 "http://www.wesseling-lab.com/" "Mozilla/5.0 (Windows NT 10.0; Win64; x64; rv:80.0) Gecko/20100101 Firefox/80.0"
93.51.235.135 - - [11/Sep/2020:05:45:51 -0400] "GET /assets/publish.js?v=1583857504642 HTTP/1.0" 200 3548756 "http://www.wesseling-lab.com/" "Mozilla/5.0 (Windows NT 10.0; Win64; x64; rv:80.0) Gecko/20100101 Firefox/80.0"
91.207.114.54 - - [11/Sep/2020:06:07:22 -0400] "GET /styles/9dbed594-7b92-4109-b62e-0166ee380fdb.css?1583857504642 HTTP/1.0" 200 48708 "http://www.wesseling-lab.com/" "Mozilla/5.0 (Windows NT 6.0) AppleWebKit/537.36 (KHTML, like Gecko) Chrome/49.0.2623.112 Safari/537.36"
91.207.114.54 - - [11/Sep/2020:06:07:22 -0400] "GET /assets/publish.js?v=1583857504642 HTTP/1.0" 200 3548756 "http://www.wesseling-lab.com/" "Mozilla/5.0 (Windows NT 6.0) AppleWebKit/537.36 (KHTML, like Gecko) Chrome/49.0.2623.112 Safari/537.36"
91.207.114.54 - - [11/Sep/2020:06:14:21 -0400] "GET /modelofratelimiting/ HTTP/1.0" 200 22014 "http://www.wesseling-lab.com/" "Mozilla/5.0 (Windows NT 6.0) AppleWebKit/537.36 (KHTML, like Gecko) Chrome/49.0.2623.112 Safari/537.36"
119.160.117.218 - - [11/Sep/2020:11:53:43 -0400] "GET /__static/1b3121e55bb702857a116babeaebee99/wesselinglablogo_in_2017(2).png HTTP/1.0" 200 8545 "http://www.wesseling-lab.com/" "Mozilla/5.0 (iPhone; CPU iPhone OS 13_6 like Mac OS X) AppleWebKit/605.1.15 (KHTML, like Gecko) CriOS/76.0.3809.81 Mobile/15E148 Safari/605.1"
119.160.117.218 - - [11/Sep/2020:11:53:44 -0400] "GET /assets/vendor.js?v=1583857504642 HTTP/1.0" 200 816235 "http://www.wesseling-lab.com/" "Mozilla/5.0 (iPhone; CPU iPhone OS 13_6 like Mac OS X) AppleWebKit/605.1.15 (KHTML, like Gecko) CriOS/76.0.3809.81 Mobile/15E148 Safari/605.1"
119.160.117.218 - - [11/Sep/2020:11:53:47 -0400] "GET /assets/vendor.js?v=1583857504642 HTTP/1.0" 200 816235 "http://www.wesseling-lab.com/" "Mozilla/5.0 (iPhone; CPU iPhone OS 13_6 like Mac OS X) AppleWebKit/605.1.15 (KHTML, like Gecko) CriOS/76.0.3809.81 Mobile/15E148 Safari/605.1"
119.160.117.218 - - [11/Sep/2020:11:53:57 -0400] "GET /__static/3a16708949469375dead6a4da8d0b484/modelbig.png HTTP/1.0" 200 20584 "http://www.wesseling-lab.com/" "Mozilla/5.0 (iPhone; CPU iPhone OS 13_6 like Mac OS X) AppleWebKit/605.1.15 (KHTML, like Gecko) CriOS/76.0.3809.81 Mobile/15E148 Safari/605.1"
119.160.117.218 - - [11/Sep/2020:11:54:13 -0400] "GET /modelofratelimiting/ HTTP/1.0" 200 22014 "http://www.wesseling-lab.com/" "Mozilla/5.0 (iPhone; CPU iPhone OS 13_6 like Mac OS X) AppleWebKit/605.1.15 (KHTML, like Gecko) CriOS/76.0.3809.81 Mobile/15E148 Safari/605.1"
119.160.117.218 - - [11/Sep/2020:11:54:15 -0400] "GET /assets/icons/publish.svg HTTP/1.0" 200 74650 "http://www.wesseling-lab.com/modelofratelimiting/" "Mozilla/5.0 (iPhone; CPU iPhone OS 13_6 like Mac OS X) AppleWebKit/605.1.15 (KHTML, like Gecko) CriOS/76.0.3809.81 Mobile/15E148 Safari/605.1"
119.160.117.218 - - [11/Sep/2020:11:54:37 -0400] "GET /people/ HTTP/1.0" 200 21714 "http://www.wesseling-lab.com/modelofratelimiting/" "Mozilla/5.0 (iPhone; CPU iPhone OS 13_6 like Mac OS X) AppleWebKit/605.1.15 (KHTML, like Gecko) CriOS/76.0.3809.81 Mobile/15E148 Safari/605.1"
119.160.117.218 - - [11/Sep/2020:11:54:37 -0400] "GET /assets/svg/global.svg?v=2 HTTP/1.0" 200 56676 "http://www.wesseling-lab.com/people/" "Mozilla/5.0 (iPhone; CPU iPhone OS 13_6 like Mac OS X) AppleWebKit/605.1.15 (KHTML, like Gecko) CriOS/76.0.3809.81 Mobile/15E148 Safari/605.1"
176.240.200.217 - - [11/Sep/2020:17:45:52 -0400] "GET /styles/9dbed594-7b92-4109-b62e-0166ee380fdb.css?1583857504642 HTTP/1.0" 200 48708 "http://www.wesseling-lab.com/" "Mozilla/5.0 (Macintosh; Intel Mac OS X 10_11_6) AppleWebKit/537.36 (KHTML, like Gecko) Chrome/85.0.4183.83 Safari/537.36"
54.175.74.27 - - [11/Sep/2020:00:57:11 -0400] "GET /publications/ HTTP/1.0" 200 36581 "-" "Mozilla/5.0 (Macintosh; Intel Mac OS X 10_10_1) AppleWebKit/600.1.25 (KHTML, like Gecko) Version/8.0 Safari/600.1.25"
93.51.235.135 - - [11/Sep/2020:05:45:55 -0400] "GET /assets/favicons/16x16.png?v=1583857504642 HTTP/1.0" 200 753 "-" "Mozilla/5.0 (Windows NT 10.0; Win64; x64; rv:80.0) Gecko/20100101 Firefox/80.0"
93.51.235.135 - - [11/Sep/2020:05:45:55 -0400] "GET /assets/svg/global.svg?v=2 HTTP/1.0" 200 56676 "http://www.wesseling-lab.com/" "Mozilla/5.0 (Windows NT 10.0; Win64; x64; rv:80.0) Gecko/20100101 Firefox/80.0"
93.51.235.135 - - [11/Sep/2020:05:46:23 -0400] "GET /frequencydynamics/ HTTP/1.0" 200 21621 "http://www.wesseling-lab.com/people/" "Mozilla/5.0 (Windows NT 10.0; Win64; x64; rv:80.0) Gecko/20100101 Firefox/80.0"
91.207.114.54 - - [11/Sep/2020:06:07:23 -0400] "GET /assets/vendor.js?v=1583857504642 HTTP/1.0" 200 816235 "http://www.wesseling-lab.com/" "Mozilla/5.0 (Windows NT 6.0) AppleWebKit/537.36 (KHTML, like Gecko) Chrome/49.0.2623.112 Safari/537.36"
91.207.114.54 - - [11/Sep/2020:06:07:28 -0400] "GET /assets/svg/global.svg?v=2 HTTP/1.0" 200 56676 "http://www.wesseling-lab.com/" "Mozilla/5.0 (Windows NT 6.0) AppleWebKit/537.36 (KHTML, like Gecko) Chrome/49.0.2623.112 Safari/537.36"
91.207.114.54 - - [11/Sep/2020:06:07:28 -0400] "GET /assets/svg/templates.svg?v=2 HTTP/1.0" 200 77177 "http://www.wesseling-lab.com/" "Mozilla/5.0 (Windows NT 6.0) AppleWebKit/537.36 (KHTML, like Gecko) Chrome/49.0.2623.112 Safari/537.36"
91.207.114.54 - - [11/Sep/2020:06:16:43 -0400] "GET /frequencydynamics/ HTTP/1.0" 200 21621 "http://www.wesseling-lab.com/people/" "Mozilla/5.0 (Windows NT 6.0) AppleWebKit/537.36 (KHTML, like Gecko) Chrome/49.0.2623.112 Safari/537.36"
119.160.117.218 - - [11/Sep/2020:11:51:32 -0400] "GET /assets/vendor.js?v=1583857504642 HTTP/1.0" 200 816235 "http://www.wesseling-lab.com/" "Mozilla/5.0 (iPhone; CPU iPhone OS 13_6 like Mac OS X) AppleWebKit/605.1.15 (KHTML, like Gecko) CriOS/76.0.3809.81 Mobile/15E148 Safari/605.1"
119.160.117.218 - - [11/Sep/2020:11:51:34 -0400] "GET /assets/css/publish/publish.css?v=1583857504642 HTTP/1.0" 200 520428 "http://www.wesseling-lab.com/" "Mozilla/5.0 (iPhone; CPU iPhone OS 13_6 like Mac OS X) AppleWebKit/605.1.15 (KHTML, like Gecko) CriOS/76.0.3809.81 Mobile/15E148 Safari/605.1"
119.160.117.218 - - [11/Sep/2020:11:51:35 -0400] "GET /styles/9dbed594-7b92-4109-b62e-0166ee380fdb.css?1583857504642 HTTP/1.0" 200 48708 "http://www.wesseling-lab.com/" "Mozilla/5.0 (iPhone; CPU iPhone OS 13_6 like Mac OS X) AppleWebKit/605.1.15 (KHTML, like Gecko) CriOS/76.0.3809.81 Mobile/15E148 Safari/605.1"
119.160.117.218 - - [11/Sep/2020:11:53:57 -0400] "GET /assets/icons/publish.svg HTTP/1.0" 200 74650 "http://www.wesseling-lab.com/" "Mozilla/5.0 (iPhone; CPU iPhone OS 13_6 like Mac OS X) AppleWebKit/605.1.15 (KHTML, like Gecko) CriOS/76.0.3809.81 Mobile/15E148 Safari/605.1"
119.160.117.218 - - [11/Sep/2020:11:54:38 -0400] "GET /assets/svg/templates.svg?v=2 HTTP/1.0" 200 77177 "http://www.wesseling-lab.com/people/" "Mozilla/5.0 (iPhone; CPU iPhone OS 13_6 like Mac OS X) AppleWebKit/605.1.15 (KHTML, like Gecko) CriOS/76.0.3809.81 Mobile/15E148 Safari/605.1"
119.160.117.218 - - [11/Sep/2020:11:54:39 -0400] "GET /__static/584f3b020785c35d43da251f24f4136c/noelia(4).png HTTP/1.0" 200 10731 "http://www.wesseling-lab.com/people/" "Mozilla/5.0 (iPhone; CPU iPhone OS 13_6 like Mac OS X) AppleWebKit/605.1.15 (KHTML, like Gecko) CriOS/76.0.3809.81 Mobile/15E148 Safari/605.1"
119.160.117.218 - - [11/Sep/2020:11:55:28 -0400] "GET /frequencydynamics/ HTTP/1.0" 200 21621 "http://www.wesseling-lab.com/people/" "Mozilla/5.0 (iPhone; CPU iPhone OS 13_6 like Mac OS X) AppleWebKit/605.1.15 (KHTML, like Gecko) CriOS/76.0.3809.81 Mobile/15E148 Safari/605.1"
119.160.117.218 - - [11/Sep/2020:11:55:28 -0400] "GET /assets/icons/publish.svg HTTP/1.0" 200 74650 "http://www.wesseling-lab.com/frequencydynamics/" "Mozilla/5.0 (iPhone; CPU iPhone OS 13_6 like Mac OS X) AppleWebKit/605.1.15 (KHTML, like Gecko) CriOS/76.0.3809.81 Mobile/15E148 Safari/605.1"
185.191.171.20 - - [11/Sep/2020:13:32:04 -0400] "GET /people HTTP/1.0" 301 240 "-" "Mozilla/5.0 (compatible; SemrushBot/6~bl; +http://www.semrush.com/bot.html)"
176.240.200.217 - - [11/Sep/2020:17:45:56 -0400] "GET /assets/svg/global.svg?v=2 HTTP/1.0" 200 56676 "http://www.wesseling-lab.com/" "Mozilla/5.0 (Macintosh; Intel Mac OS X 10_11_6) AppleWebKit/537.36 (KHTML, like Gecko) Chrome/85.0.4183.83 Safari/537.36"
93.51.235.135 - - [11/Sep/2020:05:45:50 -0400] "GET /assets/css/publish/publish.css?v=1583857504642 HTTP/1.0" 200 520428 "http://www.wesseling-lab.com/" "Mozilla/5.0 (Windows NT 10.0; Win64; x64; rv:80.0) Gecko/20100101 Firefox/80.0"
93.51.235.135 - - [11/Sep/2020:05:45:54 -0400] "GET /__static/1b3121e55bb702857a116babeaebee99/wesselinglablogo_in_2017(2).png HTTP/1.0" 200 8545 "http://www.wesseling-lab.com/" "Mozilla/5.0 (Windows NT 10.0; Win64; x64; rv:80.0) Gecko/20100101 Firefox/80.0"
93.51.235.135 - - [11/Sep/2020:05:46:21 -0400] "GET /frequencydynamics HTTP/1.0" 301 255 "http://www.wesseling-lab.com/people/" "Mozilla/5.0 (Windows NT 10.0; Win64; x64; rv:80.0) Gecko/20100101 Firefox/80.0"
91.207.114.54 - - [11/Sep/2020:06:07:29 -0400] "GET /assets/favicons/16x16.png?v=1583857504642 HTTP/1.0" 200 753 "http://www.wesseling-lab.com/" "Mozilla/5.0 (Windows NT 6.0) AppleWebKit/537.36 (KHTML, like Gecko) Chrome/49.0.2623.112 Safari/537.36"
91.207.114.54 - - [11/Sep/2020:06:14:53 -0400] "GET /__static/5694436972a1eb9fe9b772e4f63a8ac2/juanjo(4).png HTTP/1.0" 200 14196 "http://www.wesseling-lab.com/people/" "Mozilla/5.0 (Windows NT 6.0) AppleWebKit/537.36 (KHTML, like Gecko) Chrome/49.0.2623.112 Safari/537.36"
91.207.114.54 - - [11/Sep/2020:06:16:41 -0400] "GET /frequencydynamics HTTP/1.0" 301 255 "http://www.wesseling-lab.com/people/" "Mozilla/5.0 (Windows NT 6.0) AppleWebKit/537.36 (KHTML, like Gecko) Chrome/49.0.2623.112 Safari/537.36"
54.36.149.104 - - [11/Sep/2020:10:52:48 -0400] "GET / HTTP/1.0" 200 22707 "-" "Mozilla/5.0 (compatible; AhrefsBot/7.0; +http://ahrefs.com/robot/)"
119.160.117.218 - - [11/Sep/2020:11:53:30 -0400] "GET /styles/9dbed594-7b92-4109-b62e-0166ee380fdb.css?1583857504642 HTTP/1.0" 200 48708 "http://www.wesseling-lab.com/" "Mozilla/5.0 (iPhone; CPU iPhone OS 13_6 like Mac OS X) AppleWebKit/605.1.15 (KHTML, like Gecko) CriOS/76.0.3809.81 Mobile/15E148 Safari/605.1"
119.160.117.218 - - [11/Sep/2020:11:53:30 -0400] "GET /assets/publish.js?v=1583857504642 HTTP/1.0" 200 3548756 "http://www.wesseling-lab.com/" "Mozilla/5.0 (iPhone; CPU iPhone OS 13_6 like Mac OS X) AppleWebKit/605.1.15 (KHTML, like Gecko) CriOS/76.0.3809.81 Mobile/15E148 Safari/605.1"
119.160.117.218 - - [11/Sep/2020:11:53:43 -0400] "GET /assets/css/publish/publish.css?v=1583857504642 HTTP/1.0" 200 520428 "http://www.wesseling-lab.com/" "Mozilla/5.0 (iPhone; CPU iPhone OS 13_6 like Mac OS X) AppleWebKit/605.1.15 (KHTML, like Gecko) CriOS/76.0.3809.81 Mobile/15E148 Safari/605.1"
119.160.117.218 - - [11/Sep/2020:11:53:55 -0400] "GET /assets/svg/templates.svg?v=2 HTTP/1.0" 200 77177 "http://www.wesseling-lab.com/" "Mozilla/5.0 (iPhone; CPU iPhone OS 13_6 like Mac OS X) AppleWebKit/605.1.15 (KHTML, like Gecko) CriOS/76.0.3809.81 Mobile/15E148 Safari/605.1"
119.160.117.218 - - [11/Sep/2020:11:54:35 -0400] "GET /people HTTP/1.0" 301 244 "http://www.wesseling-lab.com/modelofratelimiting/" "Mozilla/5.0 (iPhone; CPU iPhone OS 13_6 like Mac OS X) AppleWebKit/605.1.15 (KHTML, like Gecko) CriOS/76.0.3809.81 Mobile/15E148 Safari/605.1"
119.160.117.218 - - [11/Sep/2020:11:55:27 -0400] "GET /assets/svg/global.svg?v=2 HTTP/1.0" 200 56676 "http://www.wesseling-lab.com/frequencydynamics/" "Mozilla/5.0 (iPhone; CPU iPhone OS 13_6 like Mac OS X) AppleWebKit/605.1.15 (KHTML, like Gecko) CriOS/76.0.3809.81 Mobile/15E148 Safari/605.1"
176.240.200.217 - - [11/Sep/2020:17:45:50 -0400] "GET /assets/publish.js?v=1583857504642 HTTP/1.0" 200 3548756 "http://www.wesseling-lab.com/" "Mozilla/5.0 (Macintosh; Intel Mac OS X 10_11_6) AppleWebKit/537.36 (KHTML, like Gecko) Chrome/85.0.4183.83 Safari/537.36"
176.240.200.217 - - [11/Sep/2020:17:45:54 -0400] "GET /__static/icons.svg HTTP/1.0" 200 46 "http://www.wesseling-lab.com/" "Mozilla/5.0 (Macintosh; Intel Mac OS X 10_11_6) AppleWebKit/537.36 (KHTML, like Gecko) Chrome/85.0.4183.83 Safari/537.36"
176.240.200.217 - - [11/Sep/2020:17:47:38 -0400] "GET /__static/9856c9a71aaddde3a65c9cdc5111b1f4/sergio(4).png HTTP/1.0" 200 9271 "http://www.wesseling-lab.com/people/" "Mozilla/5.0 (Macintosh; Intel Mac OS X 10_11_6) AppleWebKit/537.36 (KHTML, like Gecko) Chrome/85.0.4183.83 Safari/537.36"
54.86.66.252 - - [11/Sep/2020:01:06:22 -0400] "GET /people/ HTTP/1.0" 200 21714 "-" "Mozilla/5.0 (Macintosh; Intel Mac OS X 10_10_1) AppleWebKit/600.1.25 (KHTML, like Gecko) Version/8.0 Safari/600.1.25"
85.115.52.140 - - [11/Sep/2020:05:45:53 -0400] "GET /assets/vendor.js?v=1583857504642 HTTP/1.0" 200 816235 "-" "Mozilla/5.0 (Windows NT 5.1) AppleWebKit/534.30 (KHTML, like Gecko) Chrome/12.0.742.91 Safari/534.30"
93.51.235.135 - - [11/Sep/2020:05:45:55 -0400] "GET /__static/icons.svg HTTP/1.0" 200 46 "http://www.wesseling-lab.com/" "Mozilla/5.0 (Windows NT 10.0; Win64; x64; rv:80.0) Gecko/20100101 Firefox/80.0"
91.207.114.54 - - [11/Sep/2020:06:07:30 -0400] "GET /__static/3a16708949469375dead6a4da8d0b484/modelbig.png HTTP/1.0" 200 20584 "http://www.wesseling-lab.com/" "Mozilla/5.0 (Windows NT 6.0) AppleWebKit/537.36 (KHTML, like Gecko) Chrome/49.0.2623.112 Safari/537.36"
91.207.114.54 - - [11/Sep/2020:06:14:55 -0400] "GET /__static/9856c9a71aaddde3a65c9cdc5111b1f4/sergio(4).png HTTP/1.0" 200 9271 "http://www.wesseling-lab.com/people/" "Mozilla/5.0 (Windows NT 6.0) AppleWebKit/537.36 (KHTML, like Gecko) Chrome/49.0.2623.112 Safari/537.36"
119.160.117.218 - - [11/Sep/2020:11:51:23 -0400] "GET / HTTP/1.0" 200 22707 "-" "Mozilla/5.0 (iPhone; CPU iPhone OS 13_6 like Mac OS X) AppleWebKit/605.1.15 (KHTML, like Gecko) CriOS/76.0.3809.81 Mobile/15E148 Safari/605.1"
119.160.117.218 - - [11/Sep/2020:11:51:28 -0400] "GET /assets/css/publish/common.css?v=1583857504642 HTTP/1.0" 200 4636 "http://www.wesseling-lab.com/" "Mozilla/5.0 (iPhone; CPU iPhone OS 13_6 like Mac OS X) AppleWebKit/605.1.15 (KHTML, like Gecko) CriOS/76.0.3809.81 Mobile/15E148 Safari/605.1"
119.160.117.218 - - [11/Sep/2020:11:53:31 -0400] "GET / HTTP/1.0" 200 22707 "-" "Mozilla/5.0 (iPhone; CPU iPhone OS 13_6 like Mac OS X) AppleWebKit/605.1.15 (KHTML, like Gecko) CriOS/76.0.3809.81 Mobile/15E148 Safari/605.1"
119.160.117.218 - - [11/Sep/2020:11:53:31 -0400] "GET /assets/css/publish/publish.css?v=1583857504642 HTTP/1.0" 200 520428 "http://www.wesseling-lab.com/" "Mozilla/5.0 (iPhone; CPU iPhone OS 13_6 like Mac OS X) AppleWebKit/605.1.15 (KHTML, like Gecko) CriOS/76.0.3809.81 Mobile/15E148 Safari/605.1"
119.160.117.218 - - [11/Sep/2020:11:53:44 -0400] "GET /assets/publish.js?v=1583857504642 HTTP/1.0" 200 3548756 "http://www.wesseling-lab.com/" "Mozilla/5.0 (iPhone; CPU iPhone OS 13_6 like Mac OS X) AppleWebKit/605.1.15 (KHTML, like Gecko) CriOS/76.0.3809.81 Mobile/15E148 Safari/605.1"
119.160.117.218 - - [11/Sep/2020:11:53:47 -0400] "GET / HTTP/1.0" 200 22707 "-" "Mozilla/5.0 (iPhone; CPU iPhone OS 13_6 like Mac OS X) AppleWebKit/605.1.15 (KHTML, like Gecko) CriOS/76.0.3809.81 Mobile/15E148 Safari/605.1"
119.160.117.218 - - [11/Sep/2020:11:53:56 -0400] "GET /assets/svg/global.svg?v=2 HTTP/1.0" 200 56676 "http://www.wesseling-lab.com/" "Mozilla/5.0 (iPhone; CPU iPhone OS 13_6 like Mac OS X) AppleWebKit/605.1.15 (KHTML, like Gecko) CriOS/76.0.3809.81 Mobile/15E148 Safari/605.1"
119.160.117.218 - - [11/Sep/2020:11:53:56 -0400] "GET /__static/icons.svg HTTP/1.0" 200 46 "http://www.wesseling-lab.com/" "Mozilla/5.0 (iPhone; CPU iPhone OS 13_6 like Mac OS X) AppleWebKit/605.1.15 (KHTML, like Gecko) CriOS/76.0.3809.81 Mobile/15E148 Safari/605.1"
119.160.117.218 - - [11/Sep/2020:11:53:57 -0400] "GET /__static/1b3121e55bb702857a116babeaebee99/wesselinglablogo_in_2017(2).png HTTP/1.0" 200 8545 "http://www.wesseling-lab.com/" "Mozilla/5.0 (iPhone; CPU iPhone OS 13_6 like Mac OS X) AppleWebKit/605.1.15 (KHTML, like Gecko) CriOS/76.0.3809.81 Mobile/15E148 Safari/605.1"
119.160.117.218 - - [11/Sep/2020:11:54:12 -0400] "GET /modelofratelimiting HTTP/1.0" 301 257 "http://www.wesseling-lab.com/" "Mozilla/5.0 (iPhone; CPU iPhone OS 13_6 like Mac OS X) AppleWebKit/605.1.15 (KHTML, like Gecko) CriOS/76.0.3809.81 Mobile/15E148 Safari/605.1"
119.160.117.218 - - [11/Sep/2020:11:55:38 -0400] "GET /assets/svg/templates.svg?v=2 HTTP/1.0" 200 77177 "http://www.wesseling-lab.com/" "Mozilla/5.0 (iPhone; CPU iPhone OS 13_6 like Mac OS X) AppleWebKit/605.1.15 (KHTML, like Gecko) CriOS/76.0.3809.81 Mobile/15E148 Safari/605.1"
52.71.155.178 - - [11/Sep/2020:00:53:41 -0400] "GET /modelofratelimiting/ HTTP/1.0" 200 22014 "-" "Mozilla/5.0 (Macintosh; Intel Mac OS X 10_10_1) AppleWebKit/600.1.25 (KHTML, like Gecko) Version/8.0 Safari/600.1.25"
52.71.155.178 - - [11/Sep/2020:00:57:23 -0400] "GET /assets/svg/global.svg?v=2 HTTP/1.0" 200 56676 "-" "Mozilla/5.0 (Macintosh; Intel Mac OS X 10_10_1) AppleWebKit/600.1.25 (KHTML, like Gecko) Version/8.0 Safari/600.1.25"
93.51.235.135 - - [11/Sep/2020:05:45:52 -0400] "GET /styles/9dbed594-7b92-4109-b62e-0166ee380fdb.css?1583857504642 HTTP/1.0" 200 48708 "http://www.wesseling-lab.com/" "Mozilla/5.0 (Windows NT 10.0; Win64; x64; rv:80.0) Gecko/20100101 Firefox/80.0"
85.115.52.140 - - [11/Sep/2020:05:45:52 -0400] "GET /assets/css/publish/common.css?v=1583857504642 HTTP/1.0" 200 4636 "-" "Mozilla/5.0 (Windows NT 5.1; U; en) Opera 8.01"
85.115.52.140 - - [11/Sep/2020:05:45:52 -0400] "GET /styles/9dbed594-7b92-4109-b62e-0166ee380fdb.css?1583857504642 HTTP/1.0" 200 48708 "-" "Mozilla/5.0 (Windows NT 5.1) AppleWebKit/534.30 (KHTML, like Gecko) Chrome/12.0.742.91 Safari/534.30"
85.115.52.140 - - [11/Sep/2020:05:45:52 -0400] "GET /assets/publish.js?v=1583857504642 HTTP/1.0" 200 3548756 "-" "Mozilla/5.0 (Windows NT 5.1) AppleWebKit/534.30 (KHTML, like Gecko) Chrome/12.0.742.91 Safari/534.30"
93.51.235.135 - - [11/Sep/2020:05:45:55 -0400] "GET /assets/icons/publish.svg HTTP/1.0" 200 74650 "http://www.wesseling-lab.com/" "Mozilla/5.0 (Windows NT 10.0; Win64; x64; rv:80.0) Gecko/20100101 Firefox/80.0"
93.51.235.135 - - [11/Sep/2020:05:45:55 -0400] "GET /assets/svg/templates.svg?v=2 HTTP/1.0" 200 77177 "http://www.wesseling-lab.com/" "Mozilla/5.0 (Windows NT 10.0; Win64; x64; rv:80.0) Gecko/20100101 Firefox/80.0"
93.51.235.135 - - [11/Sep/2020:05:46:07 -0400] "GET /people/ HTTP/1.0" 200 21714 "http://www.wesseling-lab.com/" "Mozilla/5.0 (Windows NT 10.0; Win64; x64; rv:80.0) Gecko/20100101 Firefox/80.0"
54.36.149.8 - - [11/Sep/2020:10:52:49 -0400] "GET /robots.txt HTTP/1.0" 200 25 "-" "Mozilla/5.0 (compatible; AhrefsBot/6.1; +http://ahrefs.com/robot/)"
192.36.53.165 - - [11/Sep/2020:11:12:28 -0400] "GET / HTTP/1.0" 200 22707 "-" "Go-http-client/1.1"
119.160.117.218 - - [11/Sep/2020:11:53:31 -0400] "GET /assets/css/publish/common.css?v=1583857504642 HTTP/1.0" 200 4636 "http://www.wesseling-lab.com/" "Mozilla/5.0 (iPhone; CPU iPhone OS 13_6 like Mac OS X) AppleWebKit/605.1.15 (KHTML, like Gecko) CriOS/76.0.3809.81 Mobile/15E148 Safari/605.1"
176.240.200.217 - - [11/Sep/2020:17:45:51 -0400] "GET /assets/css/publish/publish.css?v=1583857504642 HTTP/1.0" 200 520428 "http://www.wesseling-lab.com/" "Mozilla/5.0 (Macintosh; Intel Mac OS X 10_11_6) AppleWebKit/537.36 (KHTML, like Gecko) Chrome/85.0.4183.83 Safari/537.36"
176.240.200.217 - - [11/Sep/2020:17:45:55 -0400] "GET /assets/icons/publish.svg HTTP/1.0" 200 74650 "http://www.wesseling-lab.com/" "Mozilla/5.0 (Macintosh; Intel Mac OS X 10_11_6) AppleWebKit/537.36 (KHTML, like Gecko) Chrome/85.0.4183.83 Safari/537.36"
176.240.200.217 - - [11/Sep/2020:17:45:57 -0400] "GET /__static/1b3121e55bb702857a116babeaebee99/wesselinglablogo_in_2017(2).png HTTP/1.0" 200 8545 "http://www.wesseling-lab.com/" "Mozilla/5.0 (Macintosh; Intel Mac OS X 10_11_6) AppleWebKit/537.36 (KHTML, like Gecko) Chrome/85.0.4183.83 Safari/537.36"
176.240.200.217 - - [11/Sep/2020:17:45:59 -0400] "GET /assets/favicons/32x32.png?v=1583857504642 HTTP/1.0" 200 1960 "http://www.wesseling-lab.com/" "Mozilla/5.0 (Macintosh; Intel Mac OS X 10_11_6) AppleWebKit/537.36 (KHTML, like Gecko) Chrome/85.0.4183.83 Safari/537.36"
93.51.235.135 - - [11/Sep/2020:05:46:06 -0400] "GET /people HTTP/1.0" 301 244 "http://www.wesseling-lab.com/" "Mozilla/5.0 (Windows NT 10.0; Win64; x64; rv:80.0) Gecko/20100101 Firefox/80.0"
93.51.235.135 - - [11/Sep/2020:05:46:07 -0400] "GET /__static/9856c9a71aaddde3a65c9cdc5111b1f4/sergio(4).png HTTP/1.0" 200 9271 "http://www.wesseling-lab.com/people/" "Mozilla/5.0 (Windows NT 10.0; Win64; x64; rv:80.0) Gecko/20100101 Firefox/80.0"
93.51.235.135 - - [11/Sep/2020:05:46:07 -0400] "GET /assets/favicons/16x16.png?v=1583857504642 HTTP/1.0" 200 753 "-" "Mozilla/5.0 (Windows NT 10.0; Win64; x64; rv:80.0) Gecko/20100101 Firefox/80.0"
85.115.52.140 - - [11/Sep/2020:05:45:51 -0400] "GET /assets/publish.js?v=1583857504642 HTTP/1.0" 200 3548756 "-" "Mozilla/4.0 (compatible; MSIE 7.0; Windows NT 5.2)"
91.207.114.54 - - [11/Sep/2020:06:07:21 -0400] "GET /assets/css/publish/common.css?v=1583857504642 HTTP/1.0" 200 4636 "http://www.wesseling-lab.com/" "Mozilla/5.0 (Windows NT 6.0) AppleWebKit/537.36 (KHTML, like Gecko) Chrome/49.0.2623.112 Safari/537.36"
185.81.157.130 - - [11/Sep/2020:06:12:34 -0400] "GET /wp-content/plugins/wp-file-manager/lib/php/connector.minimal.php HTTP/1.0" 404 15328 "-" "Mozilla/5.0 (X11; Linux x86_64) AppleWebKit/537.36 (KHTML, like Gecko) Chrome/81.0.4044.129 Safari/537.36"
91.207.114.54 - - [11/Sep/2020:06:14:49 -0400] "GET /people HTTP/1.0" 301 244 "http://www.wesseling-lab.com/modelofratelimiting/" "Mozilla/5.0 (Windows NT 6.0) AppleWebKit/537.36 (KHTML, like Gecko) Chrome/49.0.2623.112 Safari/537.36"
192.36.248.249 - - [11/Sep/2020:11:12:27 -0400] "GET /robots.txt HTTP/1.0" 200 25 "-" "Go-http-client/1.1"
192.36.70.176 - - [11/Sep/2020:11:12:27 -0400] "GET /humans.txt HTTP/1.0" 404 15328 "-" "Go-http-client/1.1"
119.160.117.218 - - [11/Sep/2020:11:51:34 -0400] "GET /assets/publish.js?v=1583857504642 HTTP/1.0" 200 3548756 "http://www.wesseling-lab.com/" "Mozilla/5.0 (iPhone; CPU iPhone OS 13_6 like Mac OS X) AppleWebKit/605.1.15 (KHTML, like Gecko) CriOS/76.0.3809.81 Mobile/15E148 Safari/605.1"
119.160.117.218 - - [11/Sep/2020:11:53:31 -0400] "GET /assets/vendor.js?v=1583857504642 HTTP/1.0" 200 816235 "http://www.wesseling-lab.com/" "Mozilla/5.0 (iPhone; CPU iPhone OS 13_6 like Mac OS X) AppleWebKit/605.1.15 (KHTML, like Gecko) CriOS/76.0.3809.81 Mobile/15E148 Safari/605.1"
119.160.117.218 - - [11/Sep/2020:11:53:42 -0400] "GET /assets/svg/templates.svg?v=2 HTTP/1.0" 200 77177 "http://www.wesseling-lab.com/" "Mozilla/5.0 (iPhone; CPU iPhone OS 13_6 like Mac OS X) AppleWebKit/605.1.15 (KHTML, like Gecko) CriOS/76.0.3809.81 Mobile/15E148 Safari/605.1"
119.160.117.218 - - [11/Sep/2020:11:53:44 -0400] "GET /assets/css/publish/common.css?v=1583857504642 HTTP/1.0" 200 4636 "http://www.wesseling-lab.com/" "Mozilla/5.0 (iPhone; CPU iPhone OS 13_6 like Mac OS X) AppleWebKit/605.1.15 (KHTML, like Gecko) CriOS/76.0.3809.81 Mobile/15E148 Safari/605.1"
119.160.117.218 - - [11/Sep/2020:11:53:44 -0400] "GET /styles/9dbed594-7b92-4109-b62e-0166ee380fdb.css?1583857504642 HTTP/1.0" 200 48708 "http://www.wesseling-lab.com/" "Mozilla/5.0 (iPhone; CPU iPhone OS 13_6 like Mac OS X) AppleWebKit/605.1.15 (KHTML, like Gecko) CriOS/76.0.3809.81 Mobile/15E148 Safari/605.1"
119.160.117.218 - - [11/Sep/2020:11:53:47 -0400] "GET /assets/css/publish/publish.css?v=1583857504642 HTTP/1.0" 200 520428 "http://www.wesseling-lab.com/" "Mozilla/5.0 (iPhone; CPU iPhone OS 13_6 like Mac OS X) AppleWebKit/605.1.15 (KHTML, like Gecko) CriOS/76.0.3809.81 Mobile/15E148 Safari/605.1"
119.160.117.218 - - [11/Sep/2020:11:54:38 -0400] "GET /__static/9856c9a71aaddde3a65c9cdc5111b1f4/sergio(4).png HTTP/1.0" 200 9271 "http://www.wesseling-lab.com/people/" "Mozilla/5.0 (iPhone; CPU iPhone OS 13_6 like Mac OS X) AppleWebKit/605.1.15 (KHTML, like Gecko) CriOS/76.0.3809.81 Mobile/15E148 Safari/605.1"
119.160.117.218 - - [11/Sep/2020:11:54:38 -0400] "GET /__static/5694436972a1eb9fe9b772e4f63a8ac2/juanjo(4).png HTTP/1.0" 200 14196 "http://www.wesseling-lab.com/people/" "Mozilla/5.0 (iPhone; CPU iPhone OS 13_6 like Mac OS X) AppleWebKit/605.1.15 (KHTML, like Gecko) CriOS/76.0.3809.81 Mobile/15E148 Safari/605.1"
119.160.117.218 - - [11/Sep/2020:11:55:28 -0400] "GET /assets/svg/templates.svg?v=2 HTTP/1.0" 200 77177 "http://www.wesseling-lab.com/frequencydynamics/" "Mozilla/5.0 (iPhone; CPU iPhone OS 13_6 like Mac OS X) AppleWebKit/605.1.15 (KHTML, like Gecko) CriOS/76.0.3809.81 Mobile/15E148 Safari/605.1"
119.160.117.218 - - [11/Sep/2020:11:55:28 -0400] "GET /__static/ae65de03e1d87a3bb269f2facf3f29fd/capture_-20-ptheader_crpd.png HTTP/1.0" 200 261808 "http://www.wesseling-lab.com/frequencydynamics/" "Mozilla/5.0 (iPhone; CPU iPhone OS 13_6 like Mac OS X) AppleWebKit/605.1.15 (KHTML, like Gecko) CriOS/76.0.3809.81 Mobile/15E148 Safari/605.1"
119.160.117.218 - - [11/Sep/2020:11:55:38 -0400] "GET /assets/icons/publish.svg HTTP/1.0" 200 74650 "http://www.wesseling-lab.com/" "Mozilla/5.0 (iPhone; CPU iPhone OS 13_6 like Mac OS X) AppleWebKit/605.1.15 (KHTML, like Gecko) CriOS/76.0.3809.81 Mobile/15E148 Safari/605.1"
185.191.171.10 - - [11/Sep/2020:13:32:10 -0400] "GET /people/ HTTP/1.0" 200 21714 "-" "Mozilla/5.0 (compatible; SemrushBot/6~bl; +http://www.semrush.com/bot.html)"
176.240.200.217 - - [11/Sep/2020:17:46:00 -0400] "GET /assets/favicons/180x180.png?v=1583857504642 HTTP/1.0" 200 28369 "http://www.wesseling-lab.com/" "Mozilla/5.0 (Macintosh; Intel Mac OS X 10_11_6) AppleWebKit/537.36 (KHTML, like Gecko) Chrome/85.0.4183.83 Safari/537.36"
176.240.200.217 - - [11/Sep/2020:17:47:37 -0400] "GET /people HTTP/1.0" 301 244 "http://www.wesseling-lab.com/" "Mozilla/5.0 (Macintosh; Intel Mac OS X 10_11_6) AppleWebKit/537.36 (KHTML, like Gecko) Chrome/85.0.4183.83 Safari/537.36"
176.240.200.217 - - [11/Sep/2020:17:47:39 -0400] "GET /__static/c3aef466728597c90a36c7332e85fe33/wesseling_john_-02-jpg.png HTTP/1.0" 200 8718 "http://www.wesseling-lab.com/people/" "Mozilla/5.0 (Macintosh; Intel Mac OS X 10_11_6) AppleWebKit/537.36 (KHTML, like Gecko) Chrome/85.0.4183.83 Safari/537.36"
176.240.200.217 - - [11/Sep/2020:17:47:39 -0400] "GET /__static/584f3b020785c35d43da251f24f4136c/noelia(4).png HTTP/1.0" 200 10731 "http://www.wesseling-lab.com/people/" "Mozilla/5.0 (Macintosh; Intel Mac OS X 10_11_6) AppleWebKit/537.36 (KHTML, like Gecko) Chrome/85.0.4183.83 Safari/537.36"
54.209.60.63 - - [11/Sep/2020:00:54:29 -0400] "GET /assets/svg/templates.svg?v=2 HTTP/1.0" 200 77177 "-" "Mozilla/5.0 (Macintosh; Intel Mac OS X 10_10_1) AppleWebKit/600.1.25 (KHTML, like Gecko) Version/8.0 Safari/600.1.25"
85.115.52.140 - - [11/Sep/2020:05:45:53 -0400] "GET /assets/vendor.js?v=1583857504642 HTTP/1.0" 200 816235 "-" "Mozilla/5.0 (Macintosh; U; Intel Mac OS X 10.6; en-US) Gecko/20101012 Firefox/3.6.11"
93.51.235.135 - - [11/Sep/2020:05:45:55 -0400] "GET /__static/3a16708949469375dead6a4da8d0b484/modelbig.png HTTP/1.0" 200 20584 "http://www.wesseling-lab.com/" "Mozilla/5.0 (Windows NT 10.0; Win64; x64; rv:80.0) Gecko/20100101 Firefox/80.0"
93.51.235.135 - - [11/Sep/2020:05:46:37 -0400] "GET /favicon.ico HTTP/1.0" 404 15328 "-" "Mozilla/5.0 (Windows NT 10.0; Win64; x64; rv:80.0) Gecko/20100101 Firefox/80.0"
91.207.114.54 - - [11/Sep/2020:06:07:28 -0400] "GET /assets/icons/publish.svg HTTP/1.0" 200 74650 "http://www.wesseling-lab.com/" "Mozilla/5.0 (Windows NT 6.0) AppleWebKit/537.36 (KHTML, like Gecko) Chrome/49.0.2623.112 Safari/537.36"
91.207.114.54 - - [11/Sep/2020:06:07:28 -0400] "GET /__static/icons.svg HTTP/1.0" 200 46 "http://www.wesseling-lab.com/" "Mozilla/5.0 (Windows NT 6.0) AppleWebKit/537.36 (KHTML, like Gecko) Chrome/49.0.2623.112 Safari/537.36"
91.207.114.54 - - [11/Sep/2020:06:14:54 -0400] "GET /__static/c3aef466728597c90a36c7332e85fe33/wesseling_john_-02-jpg.png HTTP/1.0" 200 8718 "http://www.wesseling-lab.com/people/" "Mozilla/5.0 (Windows NT 6.0) AppleWebKit/537.36 (KHTML, like Gecko) Chrome/49.0.2623.112 Safari/537.36"
192.36.52.37 - - [11/Sep/2020:11:12:28 -0400] "GET /ads.txt HTTP/1.0" 404 15328 "-" "Go-http-client/1.1"
119.160.117.218 - - [11/Sep/2020:11:53:42 -0400] "GET /assets/icons/publish.svg HTTP/1.0" 200 74650 "http://www.wesseling-lab.com/" "Mozilla/5.0 (iPhone; CPU iPhone OS 13_6 like Mac OS X) AppleWebKit/605.1.15 (KHTML, like Gecko) CriOS/76.0.3809.81 Mobile/15E148 Safari/605.1"
119.160.117.218 - - [11/Sep/2020:11:53:47 -0400] "GET /styles/9dbed594-7b92-4109-b62e-0166ee380fdb.css?1583857504642 HTTP/1.0" 200 48708 "http://www.wesseling-lab.com/" "Mozilla/5.0 (iPhone; CPU iPhone OS 13_6 like Mac OS X) AppleWebKit/605.1.15 (KHTML, like Gecko) CriOS/76.0.3809.81 Mobile/15E148 Safari/605.1"
119.160.117.218 - - [11/Sep/2020:11:54:15 -0400] "GET /assets/svg/templates.svg?v=2 HTTP/1.0" 200 77177 "http://www.wesseling-lab.com/modelofratelimiting/" "Mozilla/5.0 (iPhone; CPU iPhone OS 13_6 like Mac OS X) AppleWebKit/605.1.15 (KHTML, like Gecko) CriOS/76.0.3809.81 Mobile/15E148 Safari/605.1"
119.160.117.218 - - [11/Sep/2020:11:55:26 -0400] "GET /frequencydynamics HTTP/1.0" 301 255 "http://www.wesseling-lab.com/people/" "Mozilla/5.0 (iPhone; CPU iPhone OS 13_6 like Mac OS X) AppleWebKit/605.1.15 (KHTML, like Gecko) CriOS/76.0.3809.81 Mobile/15E148 Safari/605.1"
119.160.117.218 - - [11/Sep/2020:11:55:38 -0400] "GET /__static/icons.svg HTTP/1.0" 200 46 "http://www.wesseling-lab.com/" "Mozilla/5.0 (iPhone; CPU iPhone OS 13_6 like Mac OS X) AppleWebKit/605.1.15 (KHTML, like Gecko) CriOS/76.0.3809.81 Mobile/15E148 Safari/605.1"
209.127.40.76 - - [11/Sep/2020:12:12:56 -0400] "GET /assets/favicons/180x180.png HTTP/1.0" 200 28369 "http://WESSELING-LAB.COM" "Mozilla/5.0 (Macintosh; Intel Mac OS X 10_13_4) AppleWebKit/537.36 (KHTML, like Gecko) Chrome/67.0.3396.62 Safari/537.36"
185.191.171.22 - - [11/Sep/2020:13:32:08 -0400] "GET /robots.txt HTTP/1.0" 200 25 "-" "Mozilla/5.0 (compatible; SemrushBot/6~bl; +http://www.semrush.com/bot.html)"
176.240.200.217 - - [11/Sep/2020:17:45:51 -0400] "GET / HTTP/1.0" 200 22707 "-" "Mozilla/5.0 (Macintosh; Intel Mac OS X 10_11_6) AppleWebKit/537.36 (KHTML, like Gecko) Chrome/85.0.4183.83 Safari/537.36"
176.240.200.217 - - [11/Sep/2020:17:45:59 -0400] "GET /assets/favicons/16x16.png?v=1583857504642 HTTP/1.0" 200 753 "http://www.wesseling-lab.com/" "Mozilla/5.0 (Macintosh; Intel Mac OS X 10_11_6) AppleWebKit/537.36 (KHTML, like Gecko) Chrome/85.0.4183.83 Safari/537.36"
