208.87.233.140 - - [10/Sep/2020:13:26:30 -0400] "GET /assets/svg/ HTTP/1.0" 403 660 "-" "Mozilla/5.0 (Macintosh; Intel Mac OS X 10_6_6) AppleWebKit/535.1 (KHTML, like Gecko) Chrome/14.0.835.202 Safari/535.1"
208.87.233.140 - - [10/Sep/2020:13:26:32 -0400] "GET /assets/vendor.js?v=1583857504642 HTTP/1.0" 200 816235 "-" "Mozilla/5.0 (Windows NT 5.1) Gecko/20100101 Firefox/7.0.1"
35.243.23.7 - - [10/Sep/2020:13:28:28 -0400] "GET /assets/css/publish HTTP/1.0" 301 252 "http://wesseling-lab.com" "Mozilla/5.0 (Windows; U; MSIE 9.0; Windows NT 9.0; en-US) AppEngine-Google; (+http://code.google.com/appengine; appid: s~virustotalcloud)"
208.87.233.140 - - [10/Sep/2020:13:28:30 -0400] "GET /__static/584f3b020785c35d43da251f24f4136c HTTP/1.0" 301 275 "-" "Mozilla/5.0 (compatible; MSIE 9.0; Windows NT 6.0; Trident/5.0)"
45.33.15.94 - - [10/Sep/2020:13:29:58 -0400] "GET /assets/publish.js?v=1583857504642 HTTP/1.0" 200 3548756 "http://wesseling-lab.com/" "\"Mozilla/5.0 (Macintosh; Intel Mac OS X 10_15_3) AppleWebKit/537.36 (KHTML, like Gecko) Chrome/80.0.3987.149 Safari/537.36\""
95.49.226.69 - - [10/Sep/2020:14:09:32 -0400] "GET /__static/9856c9a71aaddde3a65c9cdc5111b1f4 HTTP/1.0" 301 275 "-" "Mozilla/5.0 (Windows NT 6.3; WOW64; rv:70.0) Gecko/20100101 Firefox/70.0"
83.28.161.171 - - [10/Sep/2020:14:12:31 -0400] "GET /assets/css/publish/ HTTP/1.0" 403 660 "-" "Mozilla/5.0 (Windows NT 10.0; Win64; x64) AppleWebKit/537.36 (KHTML, like Gecko) Chrome/78.0.3904.97 Safari/537.36 OPR/64.0.3417.92"
95.49.226.69 - - [10/Sep/2020:14:12:43 -0400] "GET /__static/584f3b020785c35d43da251f24f4136c/ HTTP/1.0" 403 660 "-" "Mozilla/5.0 (Windows NT 10.0; Win64; x64) AppleWebKit/537.36 (KHTML, like Gecko) Chrome/78.0.3904.97 Safari/537.36"
83.28.161.171 - - [10/Sep/2020:14:12:53 -0400] "GET /__static/584f3b020785c35d43da251f24f4136c/ HTTP/1.0" 403 660 "-" "Mozilla/5.0 (Windows NT 10.0; Win64; x64) AppleWebKit/537.36 (KHTML, like Gecko) Chrome/78.0.3904.97 Safari/537.36 Edge/18.18362"
54.187.98.252 - - [10/Sep/2020:14:32:31 -0400] "GET /assets/css/publish/ HTTP/1.0" 403 660 "-" "Mozilla/5.0 (Windows NT 6.1; Win64; x64) AppleWebKit/537.36 (KHTML, like Gecko) Chrome/72.0.3626.109 Safari/537.36"
69.25.58.53 - - [10/Sep/2020:14:35:35 -0400] "GET /assets/svg/ HTTP/1.0" 403 660 "-" "Mozilla/5.0 (Windows NT 10.0; WOW64) AppleWebKit/537.36 (KHTML, like Gecko) Chrome/67.0.3396.79 Safari/537.16"
196.245.234.237 - - [10/Sep/2020:14:40:24 -0400] "GET /people HTTP/1.0" 301 240 "-" "Mozilla/5.0 (Macintosh; Intel Mac OS X 10_11_5) AppleWebKit/601.6.17 (KHTML, like Gecko) Version/9.1.1 Safari/601.6.17"
79.225.45.173 - - [10/Sep/2020:15:55:37 -0400] "GET /assets/css/publish/publish.css?v=1583857504642 HTTP/1.0" 200 520428 "http://www.wesseling-lab.com/" "Mozilla/5.0 (Windows NT 10.0; Win64; x64) AppleWebKit/537.36 (KHTML, like Gecko) Chrome/85.0.4183.102 Safari/537.36"
79.225.45.173 - - [10/Sep/2020:15:55:39 -0400] "GET /assets/svg/global.svg?v=2 HTTP/1.0" 200 56676 "http://www.wesseling-lab.com/" "Mozilla/5.0 (Windows NT 10.0; Win64; x64) AppleWebKit/537.36 (KHTML, like Gecko) Chrome/85.0.4183.102 Safari/537.36"
193.70.12.231 - - [10/Sep/2020:17:18:45 -0400] "GET /assets/css/publish/common.css?v=1583857504642 HTTP/1.0" 200 4636 "http://www.wesseling-lab.com/" "Mozilla/5.0 (Macintosh; Intel Mac OS X 10_15_4) AppleWebKit/537.36 (KHTML, like Gecko) Chrome/85.0.4183.83 Safari/537.36"
193.70.12.231 - - [10/Sep/2020:17:18:45 -0400] "GET /assets/css/publish/publish.css?v=1583857504642 HTTP/1.0" 200 520428 "http://www.wesseling-lab.com/" "Mozilla/5.0 (Macintosh; Intel Mac OS X 10_15_4) AppleWebKit/537.36 (KHTML, like Gecko) Chrome/85.0.4183.83 Safari/537.36"
193.70.12.231 - - [10/Sep/2020:17:18:49 -0400] "GET /assets/favicons/180x180.png?v=1583857504642 HTTP/1.0" 200 28369 "http://www.wesseling-lab.com/" "Mozilla/5.0 (Macintosh; Intel Mac OS X 10_15_4) AppleWebKit/537.36 (KHTML, like Gecko) Chrome/85.0.4183.83 Safari/537.36"
193.70.12.231 - - [10/Sep/2020:17:19:00 -0400] "GET /__static/1fdef9aefd6892b7f6e64ae7020779c9/fullmodel-125-_wheader_crpd.png HTTP/1.0" 200 283751 "http://www.wesseling-lab.com/modelofratelimiting/" "Mozilla/5.0 (Macintosh; Intel Mac OS X 10_15_4) AppleWebKit/537.36 (KHTML, like Gecko) Chrome/85.0.4183.83 Safari/537.36"
193.70.12.231 - - [10/Sep/2020:17:19:44 -0400] "GET /publications HTTP/1.0" 301 250 "http://www.wesseling-lab.com/" "Mozilla/5.0 (Macintosh; Intel Mac OS X 10_15_4) AppleWebKit/537.36 (KHTML, like Gecko) Chrome/85.0.4183.83 Safari/537.36"
111.65.61.111 - - [10/Sep/2020:20:02:09 -0400] "GET /__static/5694436972a1eb9fe9b772e4f63a8ac2/juanjo(4).png HTTP/1.0" 200 14196 "http://www.wesseling-lab.com/people/" "Mozilla/5.0 (Linux; Android 8.1.0; Redmi Note 6 Pro) AppleWebKit/537.36 (KHTML, like Gecko) Chrome/84.0.4147.111 Mobile Safari/537.36"
119.160.117.218 - - [10/Sep/2020:05:50:05 -0400] "GET /contact/ HTTP/1.0" 200 18057 "http://www.wesseling-lab.com/" "Mozilla/5.0 (iPhone; CPU iPhone OS 13_6 like Mac OS X) AppleWebKit/605.1.15 (KHTML, like Gecko) CriOS/76.0.3809.81 Mobile/15E148 Safari/605.1"
119.160.117.218 - - [10/Sep/2020:05:50:12 -0400] "GET /assets/icons/publish.svg HTTP/1.0" 200 74650 "http://www.wesseling-lab.com/contact/" "Mozilla/5.0 (iPhone; CPU iPhone OS 13_6 like Mac OS X) AppleWebKit/605.1.15 (KHTML, like Gecko) CriOS/76.0.3809.81 Mobile/15E148 Safari/605.1"
119.160.117.218 - - [10/Sep/2020:07:29:16 -0400] "GET /people/ HTTP/1.0" 200 21714 "http://www.wesseling-lab.com/" "Mozilla/5.0 (iPhone; CPU iPhone OS 13_6 like Mac OS X) AppleWebKit/605.1.15 (KHTML, like Gecko) CriOS/76.0.3809.81 Mobile/15E148 Safari/605.1"
119.160.117.218 - - [10/Sep/2020:07:29:17 -0400] "GET /__static/icons.svg HTTP/1.0" 200 46 "http://www.wesseling-lab.com/people/" "Mozilla/5.0 (iPhone; CPU iPhone OS 13_6 like Mac OS X) AppleWebKit/605.1.15 (KHTML, like Gecko) CriOS/76.0.3809.81 Mobile/15E148 Safari/605.1"
213.205.241.97 - - [10/Sep/2020:11:56:24 -0400] "GET /assets/css/publish/publish.css?v=1583857504642 HTTP/1.0" 200 520428 "http://www.wesseling-lab.com/" "Mozilla/5.0 (iPhone; CPU iPhone OS 13_6 like Mac OS X) AppleWebKit/605.1.15 (KHTML, like Gecko) Mobile/15E148 [LinkedInApp]"
213.205.241.97 - - [10/Sep/2020:11:56:24 -0400] "GET /assets/vendor.js?v=1583857504642 HTTP/1.0" 200 816235 "http://www.wesseling-lab.com/" "Mozilla/5.0 (iPhone; CPU iPhone OS 13_6 like Mac OS X) AppleWebKit/605.1.15 (KHTML, like Gecko) Mobile/15E148 [LinkedInApp]"
213.205.241.97 - - [10/Sep/2020:11:56:25 -0400] "GET /assets/svg/global.svg?v=2 HTTP/1.0" 200 56676 "http://www.wesseling-lab.com/" "Mozilla/5.0 (iPhone; CPU iPhone OS 13_6 like Mac OS X) AppleWebKit/605.1.15 (KHTML, like Gecko) Mobile/15E148 [LinkedInApp]"
213.205.241.97 - - [10/Sep/2020:11:56:26 -0400] "GET /__static/1b3121e55bb702857a116babeaebee99/wesselinglablogo_in_2017(2).png HTTP/1.0" 200 8545 "http://www.wesseling-lab.com/" "Mozilla/5.0 (iPhone; CPU iPhone OS 13_6 like Mac OS X) AppleWebKit/605.1.15 (KHTML, like Gecko) Mobile/15E148 [LinkedInApp]"
213.205.241.97 - - [10/Sep/2020:11:56:40 -0400] "GET /people HTTP/1.0" 301 244 "http://www.wesseling-lab.com/" "Mozilla/5.0 (iPhone; CPU iPhone OS 13_6 like Mac OS X) AppleWebKit/605.1.15 (KHTML, like Gecko) Mobile/15E148 [LinkedInApp]"
213.205.241.97 - - [10/Sep/2020:11:56:40 -0400] "GET /__static/9856c9a71aaddde3a65c9cdc5111b1f4/sergio(4).png HTTP/1.0" 200 9271 "http://www.wesseling-lab.com/people/" "Mozilla/5.0 (iPhone; CPU iPhone OS 13_6 like Mac OS X) AppleWebKit/605.1.15 (KHTML, like Gecko) Mobile/15E148 [LinkedInApp]"
83.59.165.62 - - [10/Sep/2020:12:34:11 -0400] "GET /assets/css/publish/publish.css?v=1583857504642 HTTP/1.0" 200 520428 "http://www.wesseling-lab.com/" "Mozilla/5.0 (Windows NT 10.0; Win64; x64) AppleWebKit/537.36 (KHTML, like Gecko) Chrome/85.0.4183.83 Safari/537.36"
83.59.165.62 - - [10/Sep/2020:12:37:24 -0400] "GET /assets/icons/publish.svg HTTP/1.0" 200 74650 "http://www.wesseling-lab.com/" "Mozilla/5.0 (Windows NT 10.0; Win64; x64) AppleWebKit/537.36 (KHTML, like Gecko) Chrome/85.0.4183.83 Safari/537.36"
208.87.233.140 - - [10/Sep/2020:13:26:32 -0400] "GET /assets/css/publish/publish.css?v=1583857504642 HTTP/1.0" 200 520428 "-" "Mozilla/5.0 (Windows NT 5.1) Gecko/20100101 Firefox/7.0.1"
204.13.201.137 - - [10/Sep/2020:13:27:36 -0400] "GET /__static/c3aef466728597c90a36c7332e85fe33 HTTP/1.0" 301 275 "http://www.bing.com" "Mozilla/5.0 (compatible; MSIE 8.0; Windows NT 6.1; Trident/4.0; .NET CLR 2.0.50727; .NET CLR 3.5.30729; .NET CLR 3.0.30729; .NET CLR 1.0.3705; .NET CLR 1.1.4322)"
35.243.23.9 - - [10/Sep/2020:13:27:37 -0400] "GET /__static/c3aef466728597c90a36c7332e85fe33/ HTTP/1.0" 403 660 "http://wesseling-lab.com" "Mozilla/5.0 (Windows; U; MSIE 9.0; Windows NT 9.0; en-US) AppEngine-Google; (+http://code.google.com/appengine; appid: s~virustotalcloud)"
208.87.233.140 - - [10/Sep/2020:13:27:37 -0400] "GET /__static/5694436972a1eb9fe9b772e4f63a8ac2/ HTTP/1.0" 403 660 "-" "Mozilla/4.0 (compatible; MSIE 8.0; Windows NT 6.0)"
35.243.23.11 - - [10/Sep/2020:13:28:28 -0400] "GET /styles HTTP/1.0" 301 240 "http://wesseling-lab.com" "Mozilla/5.0 (Windows; U; MSIE 9.0; Windows NT 9.0; en-US) AppEngine-Google; (+http://code.google.com/appengine; appid: s~virustotalcloud)"
45.33.15.94 - - [10/Sep/2020:13:29:58 -0400] "GET /assets/vendor.js?v=1583857504642 HTTP/1.0" 200 816235 "http://wesseling-lab.com/" "\"Mozilla/5.0 (Macintosh; Intel Mac OS X 10_15_3) AppleWebKit/537.36 (KHTML, like Gecko) Chrome/80.0.3987.149 Safari/537.36\""
45.33.15.94 - - [10/Sep/2020:13:29:59 -0400] "GET /assets/svg/templates.svg?v=2 HTTP/1.0" 200 77177 "http://wesseling-lab.com/" "\"Mozilla/5.0 (Macintosh; Intel Mac OS X 10_15_3) AppleWebKit/537.36 (KHTML, like Gecko) Chrome/80.0.3987.149 Safari/537.36\""
18.197.193.89 - - [10/Sep/2020:13:31:31 -0400] "GET /assets/svg/ HTTP/1.0" 403 660 "-" "Mozilla/5.0 (Macintosh; Intel Mac OS X 10_13_2) AppleWebKit/537.36 (KHTML, like Gecko) Chrome/63.0.3239.84 Safari/537.36"
83.28.161.171 - - [10/Sep/2020:13:45:02 -0400] "GET /people/ HTTP/1.0" 200 21714 "-" "Mozilla/5.0 (Windows NT 6.1; Win64; x64) AppleWebKit/537.36 (KHTML, like Gecko) Chrome/78.0.3904.97 Safari/537.36"
83.28.161.171 - - [10/Sep/2020:13:45:36 -0400] "GET /assets/svg HTTP/1.0" 301 244 "-" "Mozilla/5.0 (Windows NT 6.3; Win64; x64) AppleWebKit/537.36 (KHTML, like Gecko) Chrome/78.0.3904.97 Safari/537.36 OPR/64.0.3417.92"
83.28.161.171 - - [10/Sep/2020:13:45:45 -0400] "GET /__static/9856c9a71aaddde3a65c9cdc5111b1f4/ HTTP/1.0" 403 660 "-" "Mozilla/5.0 (Windows NT 10.0; Win64; x64) AppleWebKit/537.36 (KHTML, like Gecko) Chrome/76.0.3809.100 Safari/537.36"
95.49.226.69 - - [10/Sep/2020:13:47:58 -0400] "GET /__static/c3aef466728597c90a36c7332e85fe33/ HTTP/1.0" 403 660 "-" "Mozilla/5.0 (Windows NT 6.1; Win64; x64) AppleWebKit/537.36 (KHTML, like Gecko) Chrome/78.0.3904.97 Safari/537.36"
80.44.22.222 - - [10/Sep/2020:13:50:30 -0400] "GET /__static/584f3b020785c35d43da251f24f4136c HTTP/1.0" 301 275 "http://wesseling-lab.com/__static/584f3b020785c35d43da251f24f4136c" "Mozilla/5.0 (Windows NT 10.0; Win64; x64) AppleWebKit/537.36 (KHTML, like Gecko) Chrome/76.0.3809.71 Safari/537.36"
83.28.161.171 - - [10/Sep/2020:13:50:56 -0400] "GET /assets/css/publish HTTP/1.0" 301 252 "-" "Mozilla 5.0 (Windows NT 10.0; Win64; x64) AppleWebKit 537.36 (KHTML, like Gecko) Chrome 78.0.3904.97 Safari 537.36 OPR 65.0.3467.48"
95.49.226.69 - - [10/Sep/2020:14:09:18 -0400] "GET /people/ HTTP/1.0" 200 21714 "-" "Mozilla 5.0 (Windows NT 10.0; Win64; x64) AppleWebKit 537.36 (KHTML, like Gecko) Chrome 78.0.3904.97 Safari 537.36 OPR 65.0.3467.48"
83.28.161.171 - - [10/Sep/2020:14:09:32 -0400] "GET /__static/9856c9a71aaddde3a65c9cdc5111b1f4/ HTTP/1.0" 403 660 "-" "Mozilla/5.0 (Windows NT 6.3; Win64; x64) AppleWebKit/537.36 (KHTML, like Gecko) Chrome/78.0.3904.97 Safari/537.36 OPR/64.0.3417.92"
83.28.161.171 - - [10/Sep/2020:14:12:09 -0400] "GET /assets/icons HTTP/1.0" 301 246 "-" "Mozilla/5.0 (Windows NT 10.0; WOW64; rv:70.0) Gecko/20100101 Firefox/70.0"
95.49.226.69 - - [10/Sep/2020:14:12:33 -0400] "GET /__static/c3aef466728597c90a36c7332e85fe33/ HTTP/1.0" 403 660 "-" "Mozilla/5.0 (Windows NT 10.0; WOW64; rv:70.0) Gecko/20100101 Firefox/70.0"
35.165.217.183 - - [10/Sep/2020:14:32:30 -0400] "GET /__static/584f3b020785c35d43da251f24f4136c HTTP/1.0" 301 275 "-" "Mozilla/5.0 (Windows NT 6.1; Win64; x64) AppleWebKit/537.36 (KHTML, like Gecko) Chrome/72.0.3626.109 Safari/537.36"
196.245.234.237 - - [10/Sep/2020:14:40:25 -0400] "GET /people/ HTTP/1.0" 200 21714 "-" "Mozilla/5.0 (Macintosh; Intel Mac OS X 10_11_5) AppleWebKit/601.6.17 (KHTML, like Gecko) Version/9.1.1 Safari/601.6.17"
91.92.48.50 - - [10/Sep/2020:14:46:25 -0400] "GET /__static/5694436972a1eb9fe9b772e4f63a8ac2 HTTP/1.0" 301 275 "-" "Mozilla/5.0 (Macintosh; Intel Mac OS X 10_10_5) AppleWebKit/603.3.8 (KHTML, like Gecko) Version/10.1.2 Safari/603.3.8"
196.245.234.237 - - [10/Sep/2020:14:46:27 -0400] "GET /assets/icons/ HTTP/1.0" 403 660 "-" "Mozilla/5.0 (Macintosh; U; Intel Mac OS X 10_6_6; en-en) AppleWebKit/533.19.4 (KHTML, like Gecko) Version/5.0.3 Safari/533.19.4"
204.101.161.19 - - [10/Sep/2020:14:49:08 -0400] "GET /assets/css/publish/ HTTP/1.0" 403 660 "-" "Mozilla/5.0 (compatible; MSIE 6.0; Windows NT 5.1; SV1; .NET CLR 1.1.4325)"
45.12.177.122 - - [10/Sep/2020:14:49:28 -0400] "GET /assets/css/publish/ HTTP/1.0" 403 660 "-" "Mozilla/5.0 (Windows NT 6.2; Win64; x64) AppleWebKit/537.36 (KHTML, like Gecko) Chrome/60.0.3112.90 Safari/537.36"
202.94.175.178 - - [10/Sep/2020:14:52:05 -0400] "GET /styles/ HTTP/1.0" 403 660 "-" "Mozilla/5.0 (Macintosh; Intel Mac OS X 10_10; rv:33.0) Gecko/20100101 Firefox/33.0"
79.225.45.173 - - [10/Sep/2020:15:55:39 -0400] "GET /__static/1b3121e55bb702857a116babeaebee99/wesselinglablogo_in_2017(2).png HTTP/1.0" 200 8545 "http://www.wesseling-lab.com/" "Mozilla/5.0 (Windows NT 10.0; Win64; x64) AppleWebKit/537.36 (KHTML, like Gecko) Chrome/85.0.4183.102 Safari/537.36"
193.70.12.231 - - [10/Sep/2020:17:18:45 -0400] "GET /styles/9dbed594-7b92-4109-b62e-0166ee380fdb.css?1583857504642 HTTP/1.0" 200 48708 "http://www.wesseling-lab.com/" "Mozilla/5.0 (Macintosh; Intel Mac OS X 10_15_4) AppleWebKit/537.36 (KHTML, like Gecko) Chrome/85.0.4183.83 Safari/537.36"
193.70.12.231 - - [10/Sep/2020:17:18:45 -0400] "GET /assets/vendor.js?v=1583857504642 HTTP/1.0" 200 816235 "http://www.wesseling-lab.com/" "Mozilla/5.0 (Macintosh; Intel Mac OS X 10_15_4) AppleWebKit/537.36 (KHTML, like Gecko) Chrome/85.0.4183.83 Safari/537.36"
193.70.12.231 - - [10/Sep/2020:17:18:45 -0400] "GET /assets/publish.js?v=1583857504642 HTTP/1.0" 200 3548756 "http://www.wesseling-lab.com/" "Mozilla/5.0 (Macintosh; Intel Mac OS X 10_15_4) AppleWebKit/537.36 (KHTML, like Gecko) Chrome/85.0.4183.83 Safari/537.36"
193.70.12.231 - - [10/Sep/2020:17:18:47 -0400] "GET /assets/svg/global.svg?v=2 HTTP/1.0" 200 56676 "http://www.wesseling-lab.com/" "Mozilla/5.0 (Macintosh; Intel Mac OS X 10_15_4) AppleWebKit/537.36 (KHTML, like Gecko) Chrome/85.0.4183.83 Safari/537.36"
193.70.12.231 - - [10/Sep/2020:17:18:48 -0400] "GET /__static/3a16708949469375dead6a4da8d0b484/modelbig.png HTTP/1.0" 200 20584 "http://www.wesseling-lab.com/" "Mozilla/5.0 (Macintosh; Intel Mac OS X 10_15_4) AppleWebKit/537.36 (KHTML, like Gecko) Chrome/85.0.4183.83 Safari/537.36"
111.65.61.111 - - [10/Sep/2020:20:01:27 -0400] "GET /assets/css/publish/publish.css?v=1583857504642 HTTP/1.0" 200 520428 "http://www.wesseling-lab.com/" "Mozilla/5.0 (Linux; Android 8.1.0; Redmi Note 6 Pro) AppleWebKit/537.36 (KHTML, like Gecko) Chrome/84.0.4147.111 Mobile Safari/537.36"
111.65.61.111 - - [10/Sep/2020:20:01:30 -0400] "GET /__static/icons.svg HTTP/1.0" 200 46 "http://www.wesseling-lab.com/" "Mozilla/5.0 (Linux; Android 8.1.0; Redmi Note 6 Pro) AppleWebKit/537.36 (KHTML, like Gecko) Chrome/84.0.4147.111 Mobile Safari/537.36"
111.65.61.111 - - [10/Sep/2020:20:01:30 -0400] "GET /assets/svg/templates.svg?v=2 HTTP/1.0" 200 77177 "http://www.wesseling-lab.com/" "Mozilla/5.0 (Linux; Android 8.1.0; Redmi Note 6 Pro) AppleWebKit/537.36 (KHTML, like Gecko) Chrome/84.0.4147.111 Mobile Safari/537.36"
111.65.61.111 - - [10/Sep/2020:20:01:31 -0400] "GET /__static/3a16708949469375dead6a4da8d0b484/modelbig.png HTTP/1.0" 200 20584 "http://www.wesseling-lab.com/" "Mozilla/5.0 (Linux; Android 8.1.0; Redmi Note 6 Pro) AppleWebKit/537.36 (KHTML, like Gecko) Chrome/84.0.4147.111 Mobile Safari/537.36"
119.160.118.45 - - [10/Sep/2020:01:58:29 -0400] "GET /contact/ HTTP/1.0" 200 18057 "http://www.wesseling-lab.com/" "Mozilla/5.0 (iPhone; CPU iPhone OS 13_6 like Mac OS X) AppleWebKit/605.1.15 (KHTML, like Gecko) CriOS/76.0.3809.81 Mobile/15E148 Safari/605.1"
119.160.118.45 - - [10/Sep/2020:01:58:36 -0400] "GET /assets/icons/publish.svg HTTP/1.0" 200 74650 "http://www.wesseling-lab.com/contact/" "Mozilla/5.0 (iPhone; CPU iPhone OS 13_6 like Mac OS X) AppleWebKit/605.1.15 (KHTML, like Gecko) CriOS/76.0.3809.81 Mobile/15E148 Safari/605.1"
119.160.118.45 - - [10/Sep/2020:01:58:36 -0400] "GET /assets/svg/templates.svg?v=2 HTTP/1.0" 200 77177 "http://www.wesseling-lab.com/contact/" "Mozilla/5.0 (iPhone; CPU iPhone OS 13_6 like Mac OS X) AppleWebKit/605.1.15 (KHTML, like Gecko) CriOS/76.0.3809.81 Mobile/15E148 Safari/605.1"
119.160.118.45 - - [10/Sep/2020:01:58:37 -0400] "GET /__static/1b3121e55bb702857a116babeaebee99/wesselinglablogo_in_2017(2).png HTTP/1.0" 200 8545 "http://www.wesseling-lab.com/contact/" "Mozilla/5.0 (iPhone; CPU iPhone OS 13_6 like Mac OS X) AppleWebKit/605.1.15 (KHTML, like Gecko) CriOS/76.0.3809.81 Mobile/15E148 Safari/605.1"
119.160.117.218 - - [10/Sep/2020:07:28:36 -0400] "GET /assets/css/publish/publish.css?v=1583857504642 HTTP/1.0" 200 520428 "http://www.wesseling-lab.com/" "Mozilla/5.0 (iPhone; CPU iPhone OS 13_6 like Mac OS X) AppleWebKit/605.1.15 (KHTML, like Gecko) CriOS/76.0.3809.81 Mobile/15E148 Safari/605.1"
213.205.241.97 - - [10/Sep/2020:11:56:25 -0400] "GET /__static/icons.svg HTTP/1.0" 200 46 "http://www.wesseling-lab.com/" "Mozilla/5.0 (iPhone; CPU iPhone OS 13_6 like Mac OS X) AppleWebKit/605.1.15 (KHTML, like Gecko) Mobile/15E148 [LinkedInApp]"
213.205.241.97 - - [10/Sep/2020:11:56:25 -0400] "GET /assets/icons/publish.svg HTTP/1.0" 200 74650 "http://www.wesseling-lab.com/" "Mozilla/5.0 (iPhone; CPU iPhone OS 13_6 like Mac OS X) AppleWebKit/605.1.15 (KHTML, like Gecko) Mobile/15E148 [LinkedInApp]"
213.205.241.97 - - [10/Sep/2020:11:56:40 -0400] "GET /people/ HTTP/1.0" 200 21714 "http://www.wesseling-lab.com/" "Mozilla/5.0 (iPhone; CPU iPhone OS 13_6 like Mac OS X) AppleWebKit/605.1.15 (KHTML, like Gecko) Mobile/15E148 [LinkedInApp]"
74.125.212.12 - - [10/Sep/2020:13:26:17 -0400] "GET /assets/favicons/16x16.png?v=1583857504642 HTTP/1.0" 200 753 "-" "Mozilla/5.0 (X11; Linux x86_64) AppleWebKit/537.36 (KHTML, like Gecko) Chrome/49.0.2623.75 Safari/537.36 Google Favicon"
35.243.23.11 - - [10/Sep/2020:13:26:30 -0400] "GET /people HTTP/1.0" 301 240 "http://wesseling-lab.com" "Mozilla/5.0 (Windows; U; MSIE 9.0; Windows NT 9.0; en-US) AppEngine-Google; (+http://code.google.com/appengine; appid: s~virustotalcloud)"
208.87.233.140 - - [10/Sep/2020:13:28:28 -0400] "GET /assets/css/publish HTTP/1.0" 301 252 "-" "Mozilla/5.0 (X11; Linux x86_64) AppleWebKit/534.30 (KHTML, like Gecko) Ubuntu/11.04 Chromium/12.0.742.112 Chrome/12.0.742.112 Safari/534.30"
35.243.23.7 - - [10/Sep/2020:13:28:28 -0400] "GET /assets/css/publish/ HTTP/1.0" 403 660 "http://wesseling-lab.com" "Mozilla/5.0 (Windows; U; MSIE 9.0; Windows NT 9.0; en-US) AppEngine-Google; (+http://code.google.com/appengine; appid: s~virustotalcloud)"
204.13.201.139 - - [10/Sep/2020:13:28:28 -0400] "GET /__static/1b3121e55bb702857a116babeaebee99 HTTP/1.0" 301 275 "http://www.bing.com" "Mozilla/5.0 (compatible; MSIE 8.0; Windows NT 6.1; Trident/4.0; .NET CLR 2.0.50727; .NET CLR 3.5.30729; .NET CLR 3.0.30729; .NET CLR 1.0.3705; .NET CLR 1.1.4322)"
45.33.15.94 - - [10/Sep/2020:13:29:59 -0400] "GET /assets/icons/publish.svg HTTP/1.0" 200 74650 "http://wesseling-lab.com/" "\"Mozilla/5.0 (Macintosh; Intel Mac OS X 10_15_3) AppleWebKit/537.36 (KHTML, like Gecko) Chrome/80.0.3987.149 Safari/537.36\""
95.49.226.69 - - [10/Sep/2020:13:45:34 -0400] "GET /__static/9856c9a71aaddde3a65c9cdc5111b1f4 HTTP/1.0" 301 275 "-" "Mozilla/5.0 (Windows NT 10.0; Win64; x64) AppleWebKit/537.36 (KHTML, like Gecko) Chrome/78.0.3904.97 Safari/537.36 OPR/64.0.3417.92"
95.49.226.69 - - [10/Sep/2020:14:09:18 -0400] "GET /people HTTP/1.0" 301 240 "-" "Mozilla/5.0 (Windows NT 6.1; WOW64; rv:70.0) Gecko/20100101 Firefox/70.0"
95.49.226.69 - - [10/Sep/2020:14:09:18 -0400] "GET /people/ HTTP/1.0" 200 21714 "-" "Mozilla/5.0 (Windows NT 6.1; WOW64; rv:70.0) Gecko/20100101 Firefox/70.0"
95.49.226.69 - - [10/Sep/2020:14:12:33 -0400] "GET /__static/c3aef466728597c90a36c7332e85fe33 HTTP/1.0" 301 275 "-" "Mozilla/5.0 (Windows NT 10.0; WOW64; rv:70.0) Gecko/20100101 Firefox/70.0"
83.28.161.171 - - [10/Sep/2020:14:12:52 -0400] "GET /__static/584f3b020785c35d43da251f24f4136c HTTP/1.0" 301 275 "-" "Mozilla/5.0 (Windows NT 10.0; Win64; x64) AppleWebKit/537.36 (KHTML, like Gecko) Chrome/78.0.3904.97 Safari/537.36 Edge/18.18362"
65.154.226.220 - - [10/Sep/2020:14:29:10 -0400] "GET /__static/5694436972a1eb9fe9b772e4f63a8ac2 HTTP/1.0" 301 275 "-" "Mozilla/5.0 (Windows NT 6.1; Win64; x64) AppleWebKit/537.36 (KHTML, like Gecko) Chrome/83.0.4103.61 Safari/537.36"
34.217.210.46 - - [10/Sep/2020:14:30:23 -0400] "GET /__static/9856c9a71aaddde3a65c9cdc5111b1f4 HTTP/1.0" 301 275 "-" "Mozilla/5.0 (Windows NT 6.1; Win64; x64) AppleWebKit/537.36 (KHTML, like Gecko) Chrome/72.0.3626.109 Safari/537.36"
54.187.220.154 - - [10/Sep/2020:14:30:23 -0400] "GET /assets/svg HTTP/1.0" 301 244 "-" "Mozilla/5.0 (Windows NT 6.1; Win64; x64) AppleWebKit/537.36 (KHTML, like Gecko) Chrome/72.0.3626.109 Safari/537.36"
34.210.110.47 - - [10/Sep/2020:14:31:39 -0400] "GET /__static/c3aef466728597c90a36c7332e85fe33 HTTP/1.0" 301 275 "-" "Mozilla/5.0 (Windows NT 6.1; Win64; x64) AppleWebKit/537.36 (KHTML, like Gecko) Chrome/72.0.3626.109 Safari/537.36"
34.210.110.47 - - [10/Sep/2020:14:31:39 -0400] "GET /__static/c3aef466728597c90a36c7332e85fe33/ HTTP/1.0" 403 660 "-" "Mozilla/5.0 (Windows NT 6.1; Win64; x64) AppleWebKit/537.36 (KHTML, like Gecko) Chrome/72.0.3626.109 Safari/537.36"
34.221.74.161 - - [10/Sep/2020:14:31:40 -0400] "GET /assets/icons HTTP/1.0" 301 246 "-" "Mozilla/5.0 (Windows NT 6.1; Win64; x64) AppleWebKit/537.36 (KHTML, like Gecko) Chrome/72.0.3626.109 Safari/537.36"
209.58.167.163 - - [10/Sep/2020:14:35:32 -0400] "GET /__static/1b3121e55bb702857a116babeaebee99 HTTP/1.0" 301 275 "-" "Mozilla/5.0 (Windows NT 10.0; Win64; x64) AppleWebKit/537.36 (KHTML, like Gecko) Chrome/84.0.4147.89 Safari/537.36"
104.247.246.195 - - [10/Sep/2020:14:35:44 -0400] "GET /assets/svg HTTP/1.0" 301 244 "-" "Mozilla/5.0 (Windows NT 10.0; WOW64) AppleWebKit/537.36 (KHTML, like Gecko) Chrome/67.0.3396.79 Safari/647F7E"
104.247.246.195 - - [10/Sep/2020:14:35:44 -0400] "GET /assets/svg/ HTTP/1.0" 403 660 "-" "Mozilla/5.0 (Windows NT 10.0; WOW64) AppleWebKit/537.36 (KHTML, like Gecko) Chrome/67.0.3396.79 Safari/647F7E"
69.25.58.53 - - [10/Sep/2020:14:35:48 -0400] "GET /assets/svg HTTP/1.0" 301 244 "-" "Mozilla/5.0 (Windows NT 10.0; WOW64) AppleWebKit/537.36 (KHTML, like Gecko) Chrome/67.0.3396.79 Safari/537.16"
91.92.48.50 - - [10/Sep/2020:14:46:26 -0400] "GET /__static/5694436972a1eb9fe9b772e4f63a8ac2/ HTTP/1.0" 403 660 "-" "Mozilla/5.0 (Macintosh; Intel Mac OS X 10_10_5) AppleWebKit/603.3.8 (KHTML, like Gecko) Version/10.1.2 Safari/603.3.8"
202.94.175.178 - - [10/Sep/2020:14:49:40 -0400] "GET /__static/584f3b020785c35d43da251f24f4136c HTTP/1.0" 301 275 "-" "Mozilla/5.0 (Macintosh; U; Intel Mac OS X 10_6_6; en-en) AppleWebKit/533.19.4 (KHTML, like Gecko) Version/5.0.3 Safari/533.19.4"
202.94.175.178 - - [10/Sep/2020:14:49:41 -0400] "GET /__static/584f3b020785c35d43da251f24f4136c/ HTTP/1.0" 403 660 "-" "Mozilla/5.0 (Macintosh; U; Intel Mac OS X 10_6_6; en-en) AppleWebKit/533.19.4 (KHTML, like Gecko) Version/5.0.3 Safari/533.19.4"
196.245.234.237 - - [10/Sep/2020:14:56:25 -0400] "GET /assets/svg HTTP/1.0" 301 244 "-" "Mozilla/5.0 (Macintosh; Intel Mac OS X 10_10; rv:33.0) Gecko/20100101 Firefox/33.0"
79.225.45.173 - - [10/Sep/2020:15:55:39 -0400] "GET /assets/svg/templates.svg?v=2 HTTP/1.0" 200 77177 "http://www.wesseling-lab.com/" "Mozilla/5.0 (Windows NT 10.0; Win64; x64) AppleWebKit/537.36 (KHTML, like Gecko) Chrome/85.0.4183.102 Safari/537.36"
193.70.12.231 - - [10/Sep/2020:17:18:59 -0400] "GET /modelofratelimiting HTTP/1.0" 301 257 "http://www.wesseling-lab.com/" "Mozilla/5.0 (Macintosh; Intel Mac OS X 10_15_4) AppleWebKit/537.36 (KHTML, like Gecko) Chrome/85.0.4183.83 Safari/537.36"
193.70.12.231 - - [10/Sep/2020:17:19:44 -0400] "GET /publications/ HTTP/1.0" 200 36581 "http://www.wesseling-lab.com/" "Mozilla/5.0 (Macintosh; Intel Mac OS X 10_15_4) AppleWebKit/537.36 (KHTML, like Gecko) Chrome/85.0.4183.83 Safari/537.36"
111.65.61.111 - - [10/Sep/2020:20:01:28 -0400] "GET /styles/9dbed594-7b92-4109-b62e-0166ee380fdb.css?1583857504642 HTTP/1.0" 200 48708 "http://www.wesseling-lab.com/" "Mozilla/5.0 (Linux; Android 8.1.0; Redmi Note 6 Pro) AppleWebKit/537.36 (KHTML, like Gecko) Chrome/84.0.4147.111 Mobile Safari/537.36"
111.65.61.111 - - [10/Sep/2020:20:01:28 -0400] "GET /assets/publish.js?v=1583857504642 HTTP/1.0" 200 3548756 "http://www.wesseling-lab.com/" "Mozilla/5.0 (Linux; Android 8.1.0; Redmi Note 6 Pro) AppleWebKit/537.36 (KHTML, like Gecko) Chrome/84.0.4147.111 Mobile Safari/537.36"
111.65.61.111 - - [10/Sep/2020:20:02:07 -0400] "GET /people/ HTTP/1.0" 200 21714 "http://www.wesseling-lab.com/" "Mozilla/5.0 (Linux; Android 8.1.0; Redmi Note 6 Pro) AppleWebKit/537.36 (KHTML, like Gecko) Chrome/84.0.4147.111 Mobile Safari/537.36"
119.160.118.45 - - [10/Sep/2020:01:58:36 -0400] "GET /__static/icons.svg HTTP/1.0" 200 46 "http://www.wesseling-lab.com/contact/" "Mozilla/5.0 (iPhone; CPU iPhone OS 13_6 like Mac OS X) AppleWebKit/605.1.15 (KHTML, like Gecko) CriOS/76.0.3809.81 Mobile/15E148 Safari/605.1"
119.160.117.218 - - [10/Sep/2020:05:50:06 -0400] "GET /assets/css/publish/common.css?v=1583857504642 HTTP/1.0" 200 4636 "http://www.wesseling-lab.com/contact/" "Mozilla/5.0 (iPhone; CPU iPhone OS 13_6 like Mac OS X) AppleWebKit/605.1.15 (KHTML, like Gecko) CriOS/76.0.3809.81 Mobile/15E148 Safari/605.1"
119.160.117.218 - - [10/Sep/2020:05:50:06 -0400] "GET /assets/publish.js?v=1583857504642 HTTP/1.0" 200 3548756 "http://www.wesseling-lab.com/contact/" "Mozilla/5.0 (iPhone; CPU iPhone OS 13_6 like Mac OS X) AppleWebKit/605.1.15 (KHTML, like Gecko) CriOS/76.0.3809.81 Mobile/15E148 Safari/605.1"
119.160.117.218 - - [10/Sep/2020:05:50:13 -0400] "GET /__static/1b3121e55bb702857a116babeaebee99/wesselinglablogo_in_2017(2).png HTTP/1.0" 200 8545 "http://www.wesseling-lab.com/contact/" "Mozilla/5.0 (iPhone; CPU iPhone OS 13_6 like Mac OS X) AppleWebKit/605.1.15 (KHTML, like Gecko) CriOS/76.0.3809.81 Mobile/15E148 Safari/605.1"
119.160.117.218 - - [10/Sep/2020:07:28:36 -0400] "GET /assets/vendor.js?v=1583857504642 HTTP/1.0" 200 816235 "http://www.wesseling-lab.com/" "Mozilla/5.0 (iPhone; CPU iPhone OS 13_6 like Mac OS X) AppleWebKit/605.1.15 (KHTML, like Gecko) CriOS/76.0.3809.81 Mobile/15E148 Safari/605.1"
119.160.117.218 - - [10/Sep/2020:07:29:17 -0400] "GET /__static/c3aef466728597c90a36c7332e85fe33/wesseling_john_-02-jpg.png HTTP/1.0" 200 8718 "http://www.wesseling-lab.com/people/" "Mozilla/5.0 (iPhone; CPU iPhone OS 13_6 like Mac OS X) AppleWebKit/605.1.15 (KHTML, like Gecko) CriOS/76.0.3809.81 Mobile/15E148 Safari/605.1"
119.160.117.218 - - [10/Sep/2020:07:29:17 -0400] "GET /__static/9856c9a71aaddde3a65c9cdc5111b1f4/sergio(4).png HTTP/1.0" 200 9271 "http://www.wesseling-lab.com/people/" "Mozilla/5.0 (iPhone; CPU iPhone OS 13_6 like Mac OS X) AppleWebKit/605.1.15 (KHTML, like Gecko) CriOS/76.0.3809.81 Mobile/15E148 Safari/605.1"
213.205.241.97 - - [10/Sep/2020:11:56:24 -0400] "GET /styles/9dbed594-7b92-4109-b62e-0166ee380fdb.css?1583857504642 HTTP/1.0" 200 48708 "http://www.wesseling-lab.com/" "Mozilla/5.0 (iPhone; CPU iPhone OS 13_6 like Mac OS X) AppleWebKit/605.1.15 (KHTML, like Gecko) Mobile/15E148 [LinkedInApp]"
213.205.241.97 - - [10/Sep/2020:11:56:40 -0400] "GET /__static/c3aef466728597c90a36c7332e85fe33/wesseling_john_-02-jpg.png HTTP/1.0" 200 8718 "http://www.wesseling-lab.com/people/" "Mozilla/5.0 (iPhone; CPU iPhone OS 13_6 like Mac OS X) AppleWebKit/605.1.15 (KHTML, like Gecko) Mobile/15E148 [LinkedInApp]"
83.59.165.62 - - [10/Sep/2020:12:37:16 -0400] "GET / HTTP/1.0" 200 22707 "-" "Mozilla/5.0 (Windows NT 10.0; Win64; x64) AppleWebKit/537.36 (KHTML, like Gecko) Chrome/85.0.4183.83 Safari/537.36"
83.59.165.62 - - [10/Sep/2020:12:37:25 -0400] "GET /__static/icons.svg HTTP/1.0" 200 46 "http://www.wesseling-lab.com/" "Mozilla/5.0 (Windows NT 10.0; Win64; x64) AppleWebKit/537.36 (KHTML, like Gecko) Chrome/85.0.4183.83 Safari/537.36"
74.125.212.12 - - [10/Sep/2020:13:26:17 -0400] "GET / HTTP/1.0" 200 22707 "-" "Mozilla/5.0 (X11; Linux x86_64) AppleWebKit/537.36 (KHTML, like Gecko) Chrome/49.0.2623.75 Safari/537.36 Google Favicon"
208.87.233.140 - - [10/Sep/2020:13:26:32 -0400] "GET /people HTTP/1.0" 301 240 "-" "Mozilla/5.0 (Windows NT 5.1) Gecko/20100101 Firefox/7.0.1"
208.87.233.140 - - [10/Sep/2020:13:26:32 -0400] "GET /people/ HTTP/1.0" 200 21714 "-" "Mozilla/5.0 (Windows NT 5.1) Gecko/20100101 Firefox/7.0.1"
208.87.233.140 - - [10/Sep/2020:13:26:32 -0400] "GET /styles/9dbed594-7b92-4109-b62e-0166ee380fdb.css?1583857504642 HTTP/1.0" 200 48708 "-" "Mozilla/5.0 (Windows NT 5.1) Gecko/20100101 Firefox/7.0.1"
208.87.233.140 - - [10/Sep/2020:13:27:37 -0400] "GET /assets/icons HTTP/1.0" 301 246 "-" "Mozilla/4.0 (compatible; MSIE 7.0; Windows NT 6.0; Trident/4.0)"
35.243.23.7 - - [10/Sep/2020:13:28:28 -0400] "GET /styles/ HTTP/1.0" 403 660 "http://wesseling-lab.com" "Mozilla/5.0 (Windows; U; MSIE 9.0; Windows NT 9.0; en-US) AppEngine-Google; (+http://code.google.com/appengine; appid: s~virustotalcloud)"
45.33.15.94 - - [10/Sep/2020:13:29:58 -0400] "GET /styles/9dbed594-7b92-4109-b62e-0166ee380fdb.css?1583857504642 HTTP/1.0" 200 48708 "http://wesseling-lab.com/" "\"Mozilla/5.0 (Macintosh; Intel Mac OS X 10_15_3) AppleWebKit/537.36 (KHTML, like Gecko) Chrome/80.0.3987.149 Safari/537.36\""
45.33.15.94 - - [10/Sep/2020:13:30:00 -0400] "GET /__static/1b3121e55bb702857a116babeaebee99/wesselinglablogo_in_2017(2).png HTTP/1.0" 200 8545 "http://wesseling-lab.com/" "\"Mozilla/5.0 (Macintosh; Intel Mac OS X 10_15_3) AppleWebKit/537.36 (KHTML, like Gecko) Chrome/80.0.3987.149 Safari/537.36\""
83.28.161.171 - - [10/Sep/2020:13:45:34 -0400] "GET /__static/9856c9a71aaddde3a65c9cdc5111b1f4/ HTTP/1.0" 403 660 "-" "Mozilla/5.0 (Windows NT 10.0; Win64; x64) AppleWebKit/537.36 (KHTML, like Gecko) Chrome/78.0.3904.97 Safari/537.36 OPR/64.0.3417.92"
83.28.161.171 - - [10/Sep/2020:13:45:45 -0400] "GET /__static/9856c9a71aaddde3a65c9cdc5111b1f4 HTTP/1.0" 301 275 "-" "Mozilla/5.0 (Windows NT 10.0; Win64; x64) AppleWebKit/537.36 (KHTML, like Gecko) Chrome/76.0.3809.100 Safari/537.36"
95.49.226.69 - - [10/Sep/2020:13:47:29 -0400] "GET /__static/5694436972a1eb9fe9b772e4f63a8ac2 HTTP/1.0" 301 275 "-" "Mozilla/5.0 (Windows NT 10.0; Win64; x64) AppleWebKit/537.36 (KHTML, like Gecko) Chrome/78.0.3904.97 Safari/537.36"
95.49.226.69 - - [10/Sep/2020:13:47:30 -0400] "GET /__static/5694436972a1eb9fe9b772e4f63a8ac2 HTTP/1.0" 301 275 "-" "Mozilla/5.0 (Windows NT 6.3; WOW64; rv:70.0) Gecko/20100101 Firefox/70.0"
95.49.226.69 - - [10/Sep/2020:13:47:30 -0400] "GET /__static/5694436972a1eb9fe9b772e4f63a8ac2/ HTTP/1.0" 403 660 "-" "Mozilla/5.0 (Windows NT 6.3; WOW64; rv:70.0) Gecko/20100101 Firefox/70.0"
95.49.226.69 - - [10/Sep/2020:13:47:57 -0400] "GET /__static/c3aef466728597c90a36c7332e85fe33 HTTP/1.0" 301 275 "-" "Mozilla/5.0 (Windows NT 6.1; Win64; x64) AppleWebKit/537.36 (KHTML, like Gecko) Chrome/78.0.3904.97 Safari/537.36"
83.28.161.171 - - [10/Sep/2020:13:48:26 -0400] "GET /__static/584f3b020785c35d43da251f24f4136c HTTP/1.0" 301 275 "-" "Mozilla/5.0 (Windows NT 6.1; Win64; x64) AppleWebKit/537.36 (KHTML, like Gecko) Chrome/78.0.3904.97 Safari/537.36"
68.183.241.134 - - [10/Sep/2020:13:50:28 -0400] "GET /__static/584f3b020785c35d43da251f24f4136c/ HTTP/1.0" 403 660 "http://wesseling-lab.com/__static/584f3b020785c35d43da251f24f4136c/" "Mozilla/5.0 (iPhone; CPU iPhone OS 13_1 like Mac OS X) AppleWebKit/605.1.15 (KHTML, like Gecko) Version/13.0.1 Mobile/15E148 Safari/604.1"
68.183.250.75 - - [10/Sep/2020:13:51:21 -0400] "OPTIONS /__static/584f3b020785c35d43da251f24f4136c/ HTTP/1.0" 200 - "http://wesseling-lab.com/__static/584f3b020785c35d43da251f24f4136c/" "Mozilla/5.0 (X11; Linux x86_64; rv:68.0) Gecko/20100101 Firefox/68.0"
83.28.161.171 - - [10/Sep/2020:14:09:33 -0400] "GET /assets/svg HTTP/1.0" 301 244 "-" "Mozilla/5.0 (Windows NT 6.1; WOW64; rv:70.0) Gecko/20100101 Firefox/70.0"
83.28.161.171 - - [10/Sep/2020:14:12:10 -0400] "GET /__static/5694436972a1eb9fe9b772e4f63a8ac2/ HTTP/1.0" 403 660 "-" "Mozilla/5.0 (Windows NT 6.3; WOW64; rv:70.0) Gecko/20100101 Firefox/70.0"
83.28.161.171 - - [10/Sep/2020:14:12:11 -0400] "GET /__static/5694436972a1eb9fe9b772e4f63a8ac2 HTTP/1.0" 301 275 "-" "Mozilla/5.0 (Windows NT 10.0; WOW64; rv:70.0) Gecko/20100101 Firefox/70.0"
83.28.161.171 - - [10/Sep/2020:14:12:11 -0400] "GET /__static/5694436972a1eb9fe9b772e4f63a8ac2/ HTTP/1.0" 403 660 "-" "Mozilla/5.0 (Windows NT 10.0; WOW64; rv:70.0) Gecko/20100101 Firefox/70.0"
83.28.161.171 - - [10/Sep/2020:14:12:31 -0400] "GET /assets/css/publish HTTP/1.0" 301 252 "-" "Mozilla/5.0 (Windows NT 10.0; Win64; x64) AppleWebKit/537.36 (KHTML, like Gecko) Chrome/78.0.3904.97 Safari/537.36 OPR/64.0.3417.92"
95.49.226.69 - - [10/Sep/2020:14:12:33 -0400] "GET /__static/c3aef466728597c90a36c7332e85fe33/ HTTP/1.0" 403 660 "-" "Mozilla/5.0 (Windows NT 6.1; WOW64; rv:70.0) Gecko/20100101 Firefox/70.0"
95.49.226.69 - - [10/Sep/2020:14:12:40 -0400] "GET /assets/css/publish/ HTTP/1.0" 403 660 "-" "Mozilla/5.0 (Windows NT 6.3; WOW64; rv:70.0) Gecko/20100101 Firefox/70.0"
95.49.226.69 - - [10/Sep/2020:14:12:40 -0400] "GET /assets/css/publish HTTP/1.0" 301 252 "-" "Mozilla 5.0 (Windows NT 10.0; Win64; x64) AppleWebKit 537.36 (KHTML, like Gecko) Chrome 78.0.3904.97 Safari 537.36 OPR 65.0.3467.48"
95.49.226.69 - - [10/Sep/2020:14:12:40 -0400] "GET /assets/css/publish/ HTTP/1.0" 403 660 "-" "Mozilla 5.0 (Windows NT 10.0; Win64; x64) AppleWebKit 537.36 (KHTML, like Gecko) Chrome 78.0.3904.97 Safari 537.36 OPR 65.0.3467.48"
95.49.226.69 - - [10/Sep/2020:14:12:43 -0400] "GET /__static/584f3b020785c35d43da251f24f4136c HTTP/1.0" 301 275 "-" "Mozilla/5.0 (Windows NT 10.0; Win64; x64) AppleWebKit/537.36 (KHTML, like Gecko) Chrome/78.0.3904.97 Safari/537.36"
65.154.226.220 - - [10/Sep/2020:14:29:38 -0400] "GET /assets/css/publish HTTP/1.0" 301 252 "-" "Mozilla/5.0 (Windows NT 6.1; Win64; x64) AppleWebKit/537.36 (KHTML, like Gecko) Chrome/83.0.4103.61 Safari/537.36"
34.217.210.46 - - [10/Sep/2020:14:30:23 -0400] "GET /people HTTP/1.0" 301 240 "-" "Mozilla/5.0 (Windows NT 6.1; Win64; x64) AppleWebKit/537.36 (KHTML, like Gecko) Chrome/72.0.3626.109 Safari/537.36"
52.12.101.44 - - [10/Sep/2020:14:31:26 -0400] "GET /__static/c3aef466728597c90a36c7332e85fe33 HTTP/1.0" 301 275 "-" "Mozilla/5.0 (Windows NT 6.1; Win64; x64) AppleWebKit/537.36 (KHTML, like Gecko) Chrome/72.0.3626.109 Safari/537.36"
52.12.101.44 - - [10/Sep/2020:14:31:27 -0400] "GET /__static/c3aef466728597c90a36c7332e85fe33/ HTTP/1.0" 403 660 "-" "Mozilla/5.0 (Windows NT 6.1; Win64; x64) AppleWebKit/537.36 (KHTML, like Gecko) Chrome/72.0.3626.109 Safari/537.36"
54.187.249.125 - - [10/Sep/2020:14:31:28 -0400] "GET /__static/5694436972a1eb9fe9b772e4f63a8ac2 HTTP/1.0" 301 275 "-" "Mozilla/5.0 (Windows NT 6.1; Win64; x64) AppleWebKit/537.36 (KHTML, like Gecko) Chrome/72.0.3626.109 Safari/537.36"
35.163.121.1 - - [10/Sep/2020:14:31:42 -0400] "GET /__static/5694436972a1eb9fe9b772e4f63a8ac2/ HTTP/1.0" 403 660 "-" "Mozilla/5.0 (Windows NT 6.1; Win64; x64) AppleWebKit/537.36 (KHTML, like Gecko) Chrome/72.0.3626.109 Safari/537.36"
149.56.153.187 - - [10/Sep/2020:14:32:19 -0400] "GET /assets/svg HTTP/1.0" 301 244 "-" "Mozilla/5.0 (Windows NT 10.0; Win64; x64) AppleWebKit/537.36 (KHTML, like Gecko) Chrome/84.0.4147.89 Safari/537.36"
54.187.98.252 - - [10/Sep/2020:14:32:31 -0400] "GET /styles/ HTTP/1.0" 403 660 "-" "Mozilla/5.0 (Windows NT 6.1; Win64; x64) AppleWebKit/537.36 (KHTML, like Gecko) Chrome/72.0.3626.109 Safari/537.36"
45.12.177.122 - - [10/Sep/2020:14:49:27 -0400] "GET /assets/css/publish HTTP/1.0" 301 252 "-" "Mozilla/5.0 (Windows NT 6.2; Win64; x64) AppleWebKit/537.36 (KHTML, like Gecko) Chrome/60.0.3112.90 Safari/537.36"
79.225.45.173 - - [10/Sep/2020:15:55:37 -0400] "GET /assets/css/publish/common.css?v=1583857504642 HTTP/1.0" 200 4636 "http://www.wesseling-lab.com/" "Mozilla/5.0 (Windows NT 10.0; Win64; x64) AppleWebKit/537.36 (KHTML, like Gecko) Chrome/85.0.4183.102 Safari/537.36"
79.225.45.173 - - [10/Sep/2020:15:55:39 -0400] "GET /__static/icons.svg HTTP/1.0" 200 46 "http://www.wesseling-lab.com/" "Mozilla/5.0 (Windows NT 10.0; Win64; x64) AppleWebKit/537.36 (KHTML, like Gecko) Chrome/85.0.4183.102 Safari/537.36"
193.70.12.231 - - [10/Sep/2020:17:18:49 -0400] "GET /assets/favicons/16x16.png?v=1583857504642 HTTP/1.0" 200 753 "http://www.wesseling-lab.com/" "Mozilla/5.0 (Macintosh; Intel Mac OS X 10_15_4) AppleWebKit/537.36 (KHTML, like Gecko) Chrome/85.0.4183.83 Safari/537.36"
193.70.12.231 - - [10/Sep/2020:17:19:20 -0400] "GET /people/ HTTP/1.0" 200 21714 "http://www.wesseling-lab.com/" "Mozilla/5.0 (Macintosh; Intel Mac OS X 10_15_4) AppleWebKit/537.36 (KHTML, like Gecko) Chrome/85.0.4183.83 Safari/537.36"
193.70.12.231 - - [10/Sep/2020:17:19:20 -0400] "GET /__static/c3aef466728597c90a36c7332e85fe33/wesseling_john_-02-jpg.png HTTP/1.0" 200 8718 "http://www.wesseling-lab.com/people/" "Mozilla/5.0 (Macintosh; Intel Mac OS X 10_15_4) AppleWebKit/537.36 (KHTML, like Gecko) Chrome/85.0.4183.83 Safari/537.36"
111.65.61.111 - - [10/Sep/2020:20:01:28 -0400] "GET /assets/vendor.js?v=1583857504642 HTTP/1.0" 200 816235 "http://www.wesseling-lab.com/" "Mozilla/5.0 (Linux; Android 8.1.0; Redmi Note 6 Pro) AppleWebKit/537.36 (KHTML, like Gecko) Chrome/84.0.4147.111 Mobile Safari/537.36"
111.65.61.111 - - [10/Sep/2020:20:01:31 -0400] "GET /assets/svg/global.svg?v=2 HTTP/1.0" 200 56676 "http://www.wesseling-lab.com/" "Mozilla/5.0 (Linux; Android 8.1.0; Redmi Note 6 Pro) AppleWebKit/537.36 (KHTML, like Gecko) Chrome/84.0.4147.111 Mobile Safari/537.36"
111.65.61.111 - - [10/Sep/2020:20:01:32 -0400] "GET /assets/favicons/16x16.png?v=1583857504642 HTTP/1.0" 200 753 "http://www.wesseling-lab.com/" "Mozilla/5.0 (Linux; Android 8.1.0; Redmi Note 6 Pro) AppleWebKit/537.36 (KHTML, like Gecko) Chrome/84.0.4147.111 Mobile Safari/537.36"
111.65.61.111 - - [10/Sep/2020:20:02:07 -0400] "GET /people HTTP/1.0" 301 244 "http://www.wesseling-lab.com/" "Mozilla/5.0 (Linux; Android 8.1.0; Redmi Note 6 Pro) AppleWebKit/537.36 (KHTML, like Gecko) Chrome/84.0.4147.111 Mobile Safari/537.36"
111.65.61.111 - - [10/Sep/2020:20:02:10 -0400] "GET /__static/9856c9a71aaddde3a65c9cdc5111b1f4/sergio(4).png HTTP/1.0" 200 9271 "http://www.wesseling-lab.com/people/" "Mozilla/5.0 (Linux; Android 8.1.0; Redmi Note 6 Pro) AppleWebKit/537.36 (KHTML, like Gecko) Chrome/84.0.4147.111 Mobile Safari/537.36"
111.65.61.111 - - [10/Sep/2020:20:02:43 -0400] "GET /publications HTTP/1.0" 301 250 "http://www.wesseling-lab.com/people/" "Mozilla/5.0 (Linux; Android 8.1.0; Redmi Note 6 Pro) AppleWebKit/537.36 (KHTML, like Gecko) Chrome/84.0.4147.111 Mobile Safari/537.36"
