66.249.64.207 - - [09/Sep/2020:05:17:01 -0400] "GET /contact/ HTTP/1.0" 200 18057 "-" "Mozilla/5.0 (Linux; Android 6.0.1; Nexus 5X Build/MMB29P) AppleWebKit/537.36 (KHTML, like Gecko) Chrome/80.0.3987.92 Mobile Safari/537.36 (compatible; Googlebot/2.1; +http://www.google.com/bot.html)"
208.100.26.235 - - [09/Sep/2020:06:59:01 -0400] "GET / HTTP/1.0" 200 22707 "-" "Go-http-client/1.1"
103.25.45.46 - - [09/Sep/2020:07:04:37 -0400] "GET /assets/vendor.js?v=1583857504642 HTTP/1.0" 200 816235 "http://www.wesseling-lab.com/" "Mozilla/5.0 (Windows NT 10.0; Win64; x64) AppleWebKit/537.36 (KHTML, like Gecko) Chrome/84.0.4147.135 Safari/537.36"
103.25.45.46 - - [09/Sep/2020:07:04:47 -0400] "GET /assets/favicons/32x32.png?v=1583857504642 HTTP/1.0" 200 1960 "http://www.wesseling-lab.com/" "Mozilla/5.0 (Windows NT 10.0; Win64; x64) AppleWebKit/537.36 (KHTML, like Gecko) Chrome/84.0.4147.135 Safari/537.36"
104.168.82.3 - - [09/Sep/2020:13:26:44 -0400] "GET / HTTP/1.0" 200 22707 "-" "Mozilla/5.0 (Macintosh; Intel Mac OS X 10_13_4) AppleWebKit/537.36 (KHTML, like Gecko) Chrome/67.0.3396.62 Safari/537.36"
119.160.118.45 - - [09/Sep/2020:16:11:51 -0400] "GET /assets/svg/global.svg?v=2 HTTP/1.0" 200 56676 "http://www.wesseling-lab.com/" "Mozilla/5.0 (iPhone; CPU iPhone OS 13_6 like Mac OS X) AppleWebKit/605.1.15 (KHTML, like Gecko) CriOS/76.0.3809.81 Mobile/15E148 Safari/605.1"
119.160.118.45 - - [09/Sep/2020:16:11:56 -0400] "GET /contact HTTP/1.0" 301 245 "http://www.wesseling-lab.com/" "Mozilla/5.0 (iPhone; CPU iPhone OS 13_6 like Mac OS X) AppleWebKit/605.1.15 (KHTML, like Gecko) CriOS/76.0.3809.81 Mobile/15E148 Safari/605.1"
119.160.118.45 - - [09/Sep/2020:16:11:58 -0400] "GET /assets/icons/publish.svg HTTP/1.0" 200 74650 "http://www.wesseling-lab.com/contact/" "Mozilla/5.0 (iPhone; CPU iPhone OS 13_6 like Mac OS X) AppleWebKit/605.1.15 (KHTML, like Gecko) CriOS/76.0.3809.81 Mobile/15E148 Safari/605.1"
161.35.100.215 - - [09/Sep/2020:16:33:06 -0400] "GET / HTTP/1.0" 200 22707 "-" "python-requests/2.24.0"
119.160.118.45 - - [09/Sep/2020:17:51:22 -0400] "GET /assets/svg/global.svg?v=2 HTTP/1.0" 200 56676 "http://www.wesseling-lab.com/contact/" "Mozilla/5.0 (iPhone; CPU iPhone OS 13_6 like Mac OS X) AppleWebKit/605.1.15 (KHTML, like Gecko) CriOS/76.0.3809.81 Mobile/15E148 Safari/605.1"
121.52.152.74 - - [09/Sep/2020:06:33:55 -0400] "GET /contact/ HTTP/1.0" 200 18057 "http://www.wesseling-lab.com/" "Mozilla/5.0 (Windows NT 10.0; WOW64) AppleWebKit/537.36 (KHTML, like Gecko) Chrome/85.0.4183.83 Safari/537.36"
119.160.118.45 - - [09/Sep/2020:16:11:42 -0400] "GET /assets/svg/templates.svg?v=2 HTTP/1.0" 200 77177 "http://www.wesseling-lab.com/" "Mozilla/5.0 (iPhone; CPU iPhone OS 13_6 like Mac OS X) AppleWebKit/605.1.15 (KHTML, like Gecko) CriOS/76.0.3809.81 Mobile/15E148 Safari/605.1"
119.160.118.45 - - [09/Sep/2020:16:11:43 -0400] "GET /__static/3a16708949469375dead6a4da8d0b484/modelbig.png HTTP/1.0" 200 20584 "http://www.wesseling-lab.com/" "Mozilla/5.0 (iPhone; CPU iPhone OS 13_6 like Mac OS X) AppleWebKit/605.1.15 (KHTML, like Gecko) CriOS/76.0.3809.81 Mobile/15E148 Safari/605.1"
119.160.118.45 - - [09/Sep/2020:17:51:19 -0400] "GET /assets/vendor.js?v=1583857504642 HTTP/1.0" 200 816235 "http://www.wesseling-lab.com/contact/" "Mozilla/5.0 (iPhone; CPU iPhone OS 13_6 like Mac OS X) AppleWebKit/605.1.15 (KHTML, like Gecko) CriOS/76.0.3809.81 Mobile/15E148 Safari/605.1"
34.72.197.141 - - [09/Sep/2020:00:09:17 -0400] "GET / HTTP/1.0" 200 22707 "-" "Mozilla/5.0 (X11; Linux x86_64) AppleWebKit/537.36 (KHTML, like Gecko) Chrome/61.0.3163.79 Safari/537.36"
35.224.79.247 - - [09/Sep/2020:00:19:35 -0400] "GET / HTTP/1.0" 200 22707 "-" "Mozilla/5.0 (X11; Linux x86_64) AppleWebKit/537.36 (KHTML, like Gecko) Chrome/61.0.3163.79 Safari/537.36"
54.36.148.155 - - [09/Sep/2020:10:33:34 -0400] "GET / HTTP/1.0" 200 22707 "-" "Mozilla/5.0 (compatible; AhrefsBot/7.0; +http://ahrefs.com/robot/)"
119.160.118.45 - - [09/Sep/2020:16:11:19 -0400] "GET /assets/css/publish/common.css?v=1583857504642 HTTP/1.0" 200 4636 "http://www.wesseling-lab.com/" "Mozilla/5.0 (iPhone; CPU iPhone OS 13_6 like Mac OS X) AppleWebKit/605.1.15 (KHTML, like Gecko) CriOS/76.0.3809.81 Mobile/15E148 Safari/605.1"
119.160.118.45 - - [09/Sep/2020:16:11:50 -0400] "GET / HTTP/1.0" 200 22707 "-" "Mozilla/5.0 (iPhone; CPU iPhone OS 13_6 like Mac OS X) AppleWebKit/605.1.15 (KHTML, like Gecko) CriOS/76.0.3809.81 Mobile/15E148 Safari/605.1"
119.160.118.45 - - [09/Sep/2020:17:51:23 -0400] "GET /__static/icons.svg HTTP/1.0" 200 46 "http://www.wesseling-lab.com/contact/" "Mozilla/5.0 (iPhone; CPU iPhone OS 13_6 like Mac OS X) AppleWebKit/605.1.15 (KHTML, like Gecko) CriOS/76.0.3809.81 Mobile/15E148 Safari/605.1"
207.46.13.204 - - [09/Sep/2020:20:29:13 -0400] "GET /robots.txt HTTP/1.0" 200 25 "-" "Mozilla/5.0 (compatible; bingbot/2.0; +http://www.bing.com/bingbot.htm)"
119.160.118.45 - - [09/Sep/2020:16:11:43 -0400] "GET /assets/icons/publish.svg HTTP/1.0" 200 74650 "http://www.wesseling-lab.com/" "Mozilla/5.0 (iPhone; CPU iPhone OS 13_6 like Mac OS X) AppleWebKit/605.1.15 (KHTML, like Gecko) CriOS/76.0.3809.81 Mobile/15E148 Safari/605.1"
119.160.118.45 - - [09/Sep/2020:16:11:58 -0400] "GET /assets/svg/global.svg?v=2 HTTP/1.0" 200 56676 "http://www.wesseling-lab.com/contact/" "Mozilla/5.0 (iPhone; CPU iPhone OS 13_6 like Mac OS X) AppleWebKit/605.1.15 (KHTML, like Gecko) CriOS/76.0.3809.81 Mobile/15E148 Safari/605.1"
119.160.118.45 - - [09/Sep/2020:17:51:18 -0400] "GET /contact/ HTTP/1.0" 200 18057 "http://www.wesseling-lab.com/" "Mozilla/5.0 (iPhone; CPU iPhone OS 13_6 like Mac OS X) AppleWebKit/605.1.15 (KHTML, like Gecko) CriOS/76.0.3809.81 Mobile/15E148 Safari/605.1"
119.160.118.45 - - [09/Sep/2020:17:51:19 -0400] "GET /styles/9dbed594-7b92-4109-b62e-0166ee380fdb.css?1583857504642 HTTP/1.0" 200 48708 "http://www.wesseling-lab.com/contact/" "Mozilla/5.0 (iPhone; CPU iPhone OS 13_6 like Mac OS X) AppleWebKit/605.1.15 (KHTML, like Gecko) CriOS/76.0.3809.81 Mobile/15E148 Safari/605.1"
119.160.118.45 - - [09/Sep/2020:17:51:23 -0400] "GET /__static/1b3121e55bb702857a116babeaebee99/wesselinglablogo_in_2017(2).png HTTP/1.0" 200 8545 "http://www.wesseling-lab.com/contact/" "Mozilla/5.0 (iPhone; CPU iPhone OS 13_6 like Mac OS X) AppleWebKit/605.1.15 (KHTML, like Gecko) CriOS/76.0.3809.81 Mobile/15E148 Safari/605.1"
103.25.45.46 - - [09/Sep/2020:07:04:44 -0400] "GET /__static/1b3121e55bb702857a116babeaebee99/wesselinglablogo_in_2017(2).png HTTP/1.0" 200 8545 "http://www.wesseling-lab.com/" "Mozilla/5.0 (Windows NT 10.0; Win64; x64) AppleWebKit/537.36 (KHTML, like Gecko) Chrome/84.0.4147.135 Safari/537.36"
119.160.118.45 - - [09/Sep/2020:16:11:42 -0400] "GET /assets/svg/global.svg?v=2 HTTP/1.0" 200 56676 "http://www.wesseling-lab.com/" "Mozilla/5.0 (iPhone; CPU iPhone OS 13_6 like Mac OS X) AppleWebKit/605.1.15 (KHTML, like Gecko) CriOS/76.0.3809.81 Mobile/15E148 Safari/605.1"
119.160.118.45 - - [09/Sep/2020:16:11:43 -0400] "GET /__static/1b3121e55bb702857a116babeaebee99/wesselinglablogo_in_2017(2).png HTTP/1.0" 200 8545 "http://www.wesseling-lab.com/" "Mozilla/5.0 (iPhone; CPU iPhone OS 13_6 like Mac OS X) AppleWebKit/605.1.15 (KHTML, like Gecko) CriOS/76.0.3809.81 Mobile/15E148 Safari/605.1"
185.191.171.6 - - [09/Sep/2020:21:24:06 -0400] "GET /robots.txt HTTP/1.0" 200 25 "-" "Mozilla/5.0 (compatible; SemrushBot/6~bl; +http://www.semrush.com/bot.html)"
185.191.171.21 - - [09/Sep/2020:21:24:07 -0400] "GET / HTTP/1.0" 200 22707 "-" "Mozilla/5.0 (compatible; SemrushBot/6~bl; +http://www.semrush.com/bot.html)"
185.191.171.9 - - [09/Sep/2020:07:44:39 -0400] "GET / HTTP/1.0" 200 22707 "-" "Mozilla/5.0 (compatible; SemrushBot/6~bl; +http://www.semrush.com/bot.html)"
185.191.171.22 - - [09/Sep/2020:07:44:44 -0400] "GET /sitemap.xml HTTP/1.0" 200 1718 "-" "Mozilla/5.0 (compatible; SemrushBot/6~bl; +http://www.semrush.com/bot.html)"
119.160.118.45 - - [09/Sep/2020:16:11:20 -0400] "GET /assets/publish.js?v=1583857504642 HTTP/1.0" 200 3548756 "http://www.wesseling-lab.com/" "Mozilla/5.0 (iPhone; CPU iPhone OS 13_6 like Mac OS X) AppleWebKit/605.1.15 (KHTML, like Gecko) CriOS/76.0.3809.81 Mobile/15E148 Safari/605.1"
119.160.118.45 - - [09/Sep/2020:16:11:57 -0400] "GET /contact/ HTTP/1.0" 200 18057 "http://www.wesseling-lab.com/" "Mozilla/5.0 (iPhone; CPU iPhone OS 13_6 like Mac OS X) AppleWebKit/605.1.15 (KHTML, like Gecko) CriOS/76.0.3809.81 Mobile/15E148 Safari/605.1"
119.160.118.45 - - [09/Sep/2020:16:11:58 -0400] "GET /assets/svg/templates.svg?v=2 HTTP/1.0" 200 77177 "http://www.wesseling-lab.com/contact/" "Mozilla/5.0 (iPhone; CPU iPhone OS 13_6 like Mac OS X) AppleWebKit/605.1.15 (KHTML, like Gecko) CriOS/76.0.3809.81 Mobile/15E148 Safari/605.1"
119.160.118.45 - - [09/Sep/2020:17:51:19 -0400] "GET /assets/css/publish/publish.css?v=1583857504642 HTTP/1.0" 200 520428 "http://www.wesseling-lab.com/contact/" "Mozilla/5.0 (iPhone; CPU iPhone OS 13_6 like Mac OS X) AppleWebKit/605.1.15 (KHTML, like Gecko) CriOS/76.0.3809.81 Mobile/15E148 Safari/605.1"
66.249.64.205 - - [09/Sep/2020:05:17:00 -0400] "GET /robots.txt HTTP/1.0" 200 25 "-" "Mozilla/5.0 (compatible; Googlebot/2.1; +http://www.google.com/bot.html)"
103.25.45.46 - - [09/Sep/2020:07:04:47 -0400] "GET /assets/favicons/180x180.png?v=1583857504642 HTTP/1.0" 200 28369 "http://www.wesseling-lab.com/" "Mozilla/5.0 (Windows NT 10.0; Win64; x64) AppleWebKit/537.36 (KHTML, like Gecko) Chrome/84.0.4147.135 Safari/537.36"
185.191.171.6 - - [09/Sep/2020:07:44:39 -0400] "GET /robots.txt HTTP/1.0" 200 25 "-" "Mozilla/5.0 (compatible; SemrushBot/6~bl; +http://www.semrush.com/bot.html)"
119.160.118.45 - - [09/Sep/2020:16:11:18 -0400] "GET / HTTP/1.0" 200 22707 "-" "Mozilla/5.0 (iPhone; CPU iPhone OS 13_6 like Mac OS X) AppleWebKit/605.1.15 (KHTML, like Gecko) CriOS/76.0.3809.81 Mobile/15E148 Safari/605.1"
119.160.118.45 - - [09/Sep/2020:16:11:20 -0400] "GET /assets/vendor.js?v=1583857504642 HTTP/1.0" 200 816235 "http://www.wesseling-lab.com/" "Mozilla/5.0 (iPhone; CPU iPhone OS 13_6 like Mac OS X) AppleWebKit/605.1.15 (KHTML, like Gecko) CriOS/76.0.3809.81 Mobile/15E148 Safari/605.1"
119.160.118.45 - - [09/Sep/2020:16:12:00 -0400] "GET /__static/icons.svg HTTP/1.0" 200 46 "http://www.wesseling-lab.com/contact/" "Mozilla/5.0 (iPhone; CPU iPhone OS 13_6 like Mac OS X) AppleWebKit/605.1.15 (KHTML, like Gecko) CriOS/76.0.3809.81 Mobile/15E148 Safari/605.1"
119.160.118.45 - - [09/Sep/2020:17:51:18 -0400] "GET /assets/css/publish/common.css?v=1583857504642 HTTP/1.0" 200 4636 "http://www.wesseling-lab.com/contact/" "Mozilla/5.0 (iPhone; CPU iPhone OS 13_6 like Mac OS X) AppleWebKit/605.1.15 (KHTML, like Gecko) CriOS/76.0.3809.81 Mobile/15E148 Safari/605.1"
119.160.118.45 - - [09/Sep/2020:17:51:19 -0400] "GET /assets/publish.js?v=1583857504642 HTTP/1.0" 200 3548756 "http://www.wesseling-lab.com/contact/" "Mozilla/5.0 (iPhone; CPU iPhone OS 13_6 like Mac OS X) AppleWebKit/605.1.15 (KHTML, like Gecko) CriOS/76.0.3809.81 Mobile/15E148 Safari/605.1"
119.160.118.45 - - [09/Sep/2020:17:51:22 -0400] "GET /assets/svg/templates.svg?v=2 HTTP/1.0" 200 77177 "http://www.wesseling-lab.com/contact/" "Mozilla/5.0 (iPhone; CPU iPhone OS 13_6 like Mac OS X) AppleWebKit/605.1.15 (KHTML, like Gecko) CriOS/76.0.3809.81 Mobile/15E148 Safari/605.1"
185.191.171.21 - - [09/Sep/2020:21:24:15 -0400] "GET /sitemap.xml HTTP/1.0" 200 1718 "-" "Mozilla/5.0 (compatible; SemrushBot/6~bl; +http://www.semrush.com/bot.html)"
104.168.82.3 - - [09/Sep/2020:13:26:44 -0400] "GET /assets/favicons/180x180.png HTTP/1.0" 200 28369 "http://wesseling-lab.com" "Mozilla/5.0 (Macintosh; Intel Mac OS X 10_13_4) AppleWebKit/537.36 (KHTML, like Gecko) Chrome/67.0.3396.62 Safari/537.36"
119.160.118.45 - - [09/Sep/2020:16:11:19 -0400] "GET /assets/css/publish/publish.css?v=1583857504642 HTTP/1.0" 200 520428 "http://www.wesseling-lab.com/" "Mozilla/5.0 (iPhone; CPU iPhone OS 13_6 like Mac OS X) AppleWebKit/605.1.15 (KHTML, like Gecko) CriOS/76.0.3809.81 Mobile/15E148 Safari/605.1"
119.160.118.45 - - [09/Sep/2020:16:11:43 -0400] "GET /__static/icons.svg HTTP/1.0" 200 46 "http://www.wesseling-lab.com/" "Mozilla/5.0 (iPhone; CPU iPhone OS 13_6 like Mac OS X) AppleWebKit/605.1.15 (KHTML, like Gecko) CriOS/76.0.3809.81 Mobile/15E148 Safari/605.1"
119.160.118.45 - - [09/Sep/2020:16:11:51 -0400] "GET /assets/icons/publish.svg HTTP/1.0" 200 74650 "http://www.wesseling-lab.com/" "Mozilla/5.0 (iPhone; CPU iPhone OS 13_6 like Mac OS X) AppleWebKit/605.1.15 (KHTML, like Gecko) CriOS/76.0.3809.81 Mobile/15E148 Safari/605.1"
119.160.118.45 - - [09/Sep/2020:16:11:51 -0400] "GET /assets/svg/templates.svg?v=2 HTTP/1.0" 200 77177 "http://www.wesseling-lab.com/" "Mozilla/5.0 (iPhone; CPU iPhone OS 13_6 like Mac OS X) AppleWebKit/605.1.15 (KHTML, like Gecko) CriOS/76.0.3809.81 Mobile/15E148 Safari/605.1"
121.52.152.74 - - [09/Sep/2020:06:33:55 -0400] "GET /contact HTTP/1.0" 301 245 "http://www.wesseling-lab.com/" "Mozilla/5.0 (Windows NT 10.0; WOW64) AppleWebKit/537.36 (KHTML, like Gecko) Chrome/85.0.4183.83 Safari/537.36"
103.25.45.46 - - [09/Sep/2020:07:04:38 -0400] "GET /assets/publish.js?v=1583857504642 HTTP/1.0" 200 3548756 "http://www.wesseling-lab.com/" "Mozilla/5.0 (Windows NT 10.0; Win64; x64) AppleWebKit/537.36 (KHTML, like Gecko) Chrome/84.0.4147.135 Safari/537.36"
119.160.118.45 - - [09/Sep/2020:16:11:20 -0400] "GET /styles/9dbed594-7b92-4109-b62e-0166ee380fdb.css?1583857504642 HTTP/1.0" 200 48708 "http://www.wesseling-lab.com/" "Mozilla/5.0 (iPhone; CPU iPhone OS 13_6 like Mac OS X) AppleWebKit/605.1.15 (KHTML, like Gecko) CriOS/76.0.3809.81 Mobile/15E148 Safari/605.1"
119.160.118.45 - - [09/Sep/2020:16:11:51 -0400] "GET /__static/icons.svg HTTP/1.0" 200 46 "http://www.wesseling-lab.com/" "Mozilla/5.0 (iPhone; CPU iPhone OS 13_6 like Mac OS X) AppleWebKit/605.1.15 (KHTML, like Gecko) CriOS/76.0.3809.81 Mobile/15E148 Safari/605.1"
119.160.118.45 - - [09/Sep/2020:17:51:23 -0400] "GET /assets/icons/publish.svg HTTP/1.0" 200 74650 "http://www.wesseling-lab.com/contact/" "Mozilla/5.0 (iPhone; CPU iPhone OS 13_6 like Mac OS X) AppleWebKit/605.1.15 (KHTML, like Gecko) CriOS/76.0.3809.81 Mobile/15E148 Safari/605.1"
