40.77.167.41 - - [11/Oct/2023:05:04:17 -0400] "GET /sitemap.xml HTTP/1.0" 200 1724 "-" "Mozilla/5.0 AppleWebKit/537.36 (KHTML, like Gecko; compatible; bingbot/2.0; +http://www.bing.com/bingbot.htm) Chrome/103.0.5060.134 Safari/537.36"
178.62.82.141 - - [11/Oct/2023:10:03:39 -0400] "GET /modelofratelimiting/ HTTP/1.0" 200 71739 "-" "Mozilla/5.0 (Windows NT 6.0) AppleWebKit/537.36 (KHTML, like Gecko) Chrome/34.0.1847.116 Safari/537.36"
178.62.82.141 - - [11/Oct/2023:10:03:40 -0400] "GET /people/ HTTP/1.0" 200 90219 "-" "Mozilla/5.0 (Windows NT 6.0) AppleWebKit/537.36 (KHTML, like Gecko) Chrome/34.0.1847.116 Safari/537.36"
66.249.64.192 - - [11/Oct/2023:11:37:51 -0400] "GET /bundle/publish/0.28.1/svg/global.svg HTTP/1.0" 200 67588 "http://www.wesseling-lab.com/people/" "Mozilla/5.0 (Linux; Android 6.0.1; Nexus 5X Build/MMB29P) AppleWebKit/537.36 (KHTML, like Gecko) Chrome/117.0.5938.132 Mobile Safari/537.36 (compatible; Googlebot/2.1; +http://www.google.com/bot.html)"
200.68.183.148 - - [11/Oct/2023:11:47:27 -0400] "GET /bundle/publish/0.28.1/vendors.js HTTP/1.0" 200 580755 "http://www.wesseling-lab.com/" "Mozilla/5.0 (iPhone; CPU iPhone OS 16_6 like Mac OS X) AppleWebKit/605.1.15 (KHTML, like Gecko) GSA/285.0.570543384 Mobile/15E148 Safari/604.1"
200.68.183.148 - - [11/Oct/2023:11:47:58 -0400] "GET /__static/22c0ec92a0fe2908/image_phone HTTP/1.0" 200 9201 "http://www.wesseling-lab.com/people/" "Mozilla/5.0 (iPhone; CPU iPhone OS 16_6 like Mac OS X) AppleWebKit/605.1.15 (KHTML, like Gecko) GSA/285.0.570543384 Mobile/15E148 Safari/604.1"
10.30.72.4 - - [11/Oct/2023:13:20:29 -0400] "GET /people HTTP/1.0" 301 240 "http://wesseling-lab.com/localattractions" "Mozilla/5.0 (Linux; Android 7.0;) AppleWebKit/537.36 (KHTML, like Gecko) Mobile Safari/537.36 (compatible; PetalBot;+https://webmaster.petalsearch.com/site/petalbot)"
10.30.72.4 - - [11/Oct/2023:19:17:15 -0400] "GET / HTTP/1.0" 200 71136 "http://wesseling-lab.com/frequencydynamics/" "Mozilla/5.0 (Linux; Android 7.0;) AppleWebKit/537.36 (KHTML, like Gecko) Mobile Safari/537.36 (compatible; PetalBot;+https://webmaster.petalsearch.com/site/petalbot)"
178.62.82.141 - - [11/Oct/2023:10:03:37 -0400] "GET /privacy-and-cookies-policy/ HTTP/1.0" 200 167579 "-" "Mozilla/5.0 (Windows NT 6.0) AppleWebKit/537.36 (KHTML, like Gecko) Chrome/34.0.1847.116 Safari/537.36"
178.62.82.141 - - [11/Oct/2023:10:03:38 -0400] "GET /modelofratelimiting HTTP/1.0" 301 253 "-" "Mozilla/5.0 (Windows NT 6.0) AppleWebKit/537.36 (KHTML, like Gecko) Chrome/34.0.1847.116 Safari/537.36"
200.68.183.148 - - [11/Oct/2023:11:47:27 -0400] "GET /bundle/publish/0.28.1/bundle.js HTTP/1.0" 200 572650 "http://www.wesseling-lab.com/" "Mozilla/5.0 (iPhone; CPU iPhone OS 16_6 like Mac OS X) AppleWebKit/605.1.15 (KHTML, like Gecko) GSA/285.0.570543384 Mobile/15E148 Safari/604.1"
200.68.183.148 - - [11/Oct/2023:11:47:28 -0400] "GET /__fonts/roboto-normal-400.woff2 HTTP/1.0" 200 15744 "http://www.wesseling-lab.com/" "Mozilla/5.0 (iPhone; CPU iPhone OS 16_6 like Mac OS X) AppleWebKit/605.1.15 (KHTML, like Gecko) GSA/285.0.570543384 Mobile/15E148 Safari/604.1"
200.68.183.21 - - [11/Oct/2023:11:47:37 -0400] "GET /modelofratelimiting HTTP/1.0" 301 257 "http://www.wesseling-lab.com/" "Mozilla/5.0 (iPhone; CPU iPhone OS 16_6 like Mac OS X) AppleWebKit/605.1.15 (KHTML, like Gecko) GSA/285.0.570543384 Mobile/15E148 Safari/604.1"
104.234.204.134 - - [11/Oct/2023:21:54:51 -0400] "GET /api/.env HTTP/1.0" 404 62793 "-" "Mozilla/5.0 (Linux; U; Android 1.5; en-gb; T-Mobile_G2_Touch Build/CUPCAKE) AppleWebKit/528.5 (KHTML, like Gecko) Version/3.1.2 Mobile Safari/525.20.1"
10.30.72.4 - - [11/Oct/2023:23:45:07 -0400] "GET /robots.txt HTTP/1.0" 200 71 "-" "Mozilla/5.0 (compatible;PetalBot;+https://webmaster.petalsearch.com/site/petalbot)"
10.30.72.4 - - [11/Oct/2023:10:02:09 -0400] "GET /sitemap.xml HTTP/1.0" 200 1724 "-" "Mozilla/5.0 (Linux; Android 7.0;) AppleWebKit/537.36 (KHTML, like Gecko) Mobile Safari/537.36 (compatible; PetalBot;+https://webmaster.petalsearch.com/site/petalbot)"
200.68.183.21 - - [11/Oct/2023:11:47:28 -0400] "GET /__fonts/roboto-italic-400.woff2 HTTP/1.0" 200 17368 "http://www.wesseling-lab.com/" "Mozilla/5.0 (iPhone; CPU iPhone OS 16_6 like Mac OS X) AppleWebKit/605.1.15 (KHTML, like Gecko) GSA/285.0.570543384 Mobile/15E148 Safari/604.1"
200.68.183.148 - - [11/Oct/2023:11:47:37 -0400] "GET /__fonts/roboto-normal-500.woff2 HTTP/1.0" 200 15920 "http://www.wesseling-lab.com/" "Mozilla/5.0 (iPhone; CPU iPhone OS 16_6 like Mac OS X) AppleWebKit/605.1.15 (KHTML, like Gecko) GSA/285.0.570543384 Mobile/15E148 Safari/604.1"
200.68.183.148 - - [11/Oct/2023:11:47:47 -0400] "GET /__static/94582925-f233-481e-a854-63787293462a/image_phone HTTP/1.0" 200 82789 "http://www.wesseling-lab.com/frequencydynamics/" "Mozilla/5.0 (iPhone; CPU iPhone OS 16_6 like Mac OS X) AppleWebKit/605.1.15 (KHTML, like Gecko) GSA/285.0.570543384 Mobile/15E148 Safari/604.1"
200.68.183.148 - - [11/Oct/2023:11:48:03 -0400] "GET /__static/7801e848d9b4dc0c/image_phone HTTP/1.0" 200 10631 "http://www.wesseling-lab.com/people/" "Mozilla/5.0 (iPhone; CPU iPhone OS 16_6 like Mac OS X) AppleWebKit/605.1.15 (KHTML, like Gecko) GSA/285.0.570543384 Mobile/15E148 Safari/604.1"
66.249.70.174 - - [11/Oct/2023:14:33:57 -0400] "GET /styles/9dbed594-7b92-4109-b62e-0166ee380fdb.css?v=1686225809000 HTTP/1.0" 200 19507 "http://www.wesseling-lab.com/people/" "Mozilla/5.0 AppleWebKit/537.36 (KHTML, like Gecko; compatible; Googlebot/2.1; +http://www.google.com/bot.html) Chrome/117.0.5938.132 Safari/537.36"
138.197.150.122 - - [11/Oct/2023:21:55:06 -0400] "GET / HTTP/1.0" 200 71136 "-" "Mozilla/5.0 (X11; Linux x86_64) AppleWebKit/537.36 (KHTML, like Gecko) Chrome/108.0.0.0 Safari/537.36"
178.62.82.141 - - [11/Oct/2023:10:03:34 -0400] "GET / HTTP/1.0" 200 71136 "-" "Mozilla/5.0 (Windows NT 6.0) AppleWebKit/537.36 (KHTML, like Gecko) Chrome/34.0.1847.116 Safari/537.36"
66.249.70.160 - - [11/Oct/2023:11:37:58 -0400] "GET /favicons/9dbed594-7b92-4109-b62e-0166ee380fdb/favicon-16x16.png HTTP/1.0" 200 753 "-" "Googlebot-Image/1.0"
200.68.183.21 - - [11/Oct/2023:11:47:27 -0400] "GET / HTTP/1.0" 200 71136 "-" "Mozilla/5.0 (iPhone; CPU iPhone OS 16_6 like Mac OS X) AppleWebKit/605.1.15 (KHTML, like Gecko) GSA/285.0.570543384 Mobile/15E148 Safari/604.1"
200.68.183.21 - - [11/Oct/2023:11:47:28 -0400] "GET /__static/a8834cab-c58e-4fd0-9628-e6a28f4c22c4/image_phone HTTP/1.0" 200 31655 "http://www.wesseling-lab.com/" "Mozilla/5.0 (iPhone; CPU iPhone OS 16_6 like Mac OS X) AppleWebKit/605.1.15 (KHTML, like Gecko) GSA/285.0.570543384 Mobile/15E148 Safari/604.1"
200.68.183.21 - - [11/Oct/2023:11:47:38 -0400] "GET /__static/20b42240-21c2-42eb-b071-cb26b9d3204a/image_phone HTTP/1.0" 200 82048 "http://www.wesseling-lab.com/modelofratelimiting/" "Mozilla/5.0 (iPhone; CPU iPhone OS 16_6 like Mac OS X) AppleWebKit/605.1.15 (KHTML, like Gecko) GSA/285.0.570543384 Mobile/15E148 Safari/604.1"
200.68.183.148 - - [11/Oct/2023:11:47:38 -0400] "GET /__fonts/roboto-normal-700.woff2 HTTP/1.0" 200 15860 "http://www.wesseling-lab.com/" "Mozilla/5.0 (iPhone; CPU iPhone OS 16_6 like Mac OS X) AppleWebKit/605.1.15 (KHTML, like Gecko) GSA/285.0.570543384 Mobile/15E148 Safari/604.1"
200.68.183.148 - - [11/Oct/2023:11:47:47 -0400] "GET /frequencydynamics HTTP/1.0" 301 255 "http://www.wesseling-lab.com/modelofratelimiting/" "Mozilla/5.0 (iPhone; CPU iPhone OS 16_6 like Mac OS X) AppleWebKit/605.1.15 (KHTML, like Gecko) GSA/285.0.570543384 Mobile/15E148 Safari/604.1"
200.68.183.148 - - [11/Oct/2023:11:47:58 -0400] "GET /people/ HTTP/1.0" 200 90219 "http://www.wesseling-lab.com/frequencydynamics/" "Mozilla/5.0 (iPhone; CPU iPhone OS 16_6 like Mac OS X) AppleWebKit/605.1.15 (KHTML, like Gecko) GSA/285.0.570543384 Mobile/15E148 Safari/604.1"
200.68.183.21 - - [11/Oct/2023:11:47:58 -0400] "GET /__static/0399cb3cc1399970/image_phone HTTP/1.0" 200 10061 "http://www.wesseling-lab.com/people/" "Mozilla/5.0 (iPhone; CPU iPhone OS 16_6 like Mac OS X) AppleWebKit/605.1.15 (KHTML, like Gecko) GSA/285.0.570543384 Mobile/15E148 Safari/604.1"
200.68.183.148 - - [11/Oct/2023:11:48:03 -0400] "GET /__static/b250b14081b84078/image_phone HTTP/1.0" 200 5022 "http://www.wesseling-lab.com/people/" "Mozilla/5.0 (iPhone; CPU iPhone OS 16_6 like Mac OS X) AppleWebKit/605.1.15 (KHTML, like Gecko) GSA/285.0.570543384 Mobile/15E148 Safari/604.1"
200.68.183.21 - - [11/Oct/2023:11:48:17 -0400] "GET /publications/ HTTP/1.0" 200 87062 "http://www.wesseling-lab.com/people/" "Mozilla/5.0 (iPhone; CPU iPhone OS 16_6 like Mac OS X) AppleWebKit/605.1.15 (KHTML, like Gecko) GSA/285.0.570543384 Mobile/15E148 Safari/604.1"
178.62.82.141 - - [11/Oct/2023:10:03:43 -0400] "GET /contact HTTP/1.0" 301 241 "-" "Mozilla/5.0 (Windows NT 6.0) AppleWebKit/537.36 (KHTML, like Gecko) Chrome/34.0.1847.116 Safari/537.36"
178.62.82.141 - - [11/Oct/2023:10:03:43 -0400] "GET /contact/ HTTP/1.0" 200 66070 "-" "Mozilla/5.0 (Windows NT 6.0) AppleWebKit/537.36 (KHTML, like Gecko) Chrome/34.0.1847.116 Safari/537.36"
66.249.70.174 - - [11/Oct/2023:11:37:48 -0400] "GET /people HTTP/1.0" 301 244 "-" "Mozilla/5.0 (Linux; Android 6.0.1; Nexus 5X Build/MMB29P) AppleWebKit/537.36 (KHTML, like Gecko) Chrome/117.0.5938.132 Mobile Safari/537.36 (compatible; Googlebot/2.1; +http://www.google.com/bot.html)"
66.249.70.160 - - [11/Oct/2023:11:37:48 -0400] "GET /people/ HTTP/1.0" 200 90219 "-" "Mozilla/5.0 (Linux; Android 6.0.1; Nexus 5X Build/MMB29P) AppleWebKit/537.36 (KHTML, like Gecko) Chrome/117.0.5938.132 Mobile Safari/537.36 (compatible; Googlebot/2.1; +http://www.google.com/bot.html)"
66.249.70.174 - - [11/Oct/2023:11:37:57 -0400] "GET /favicons/9dbed594-7b92-4109-b62e-0166ee380fdb/favicon-180x180.png HTTP/1.0" 200 28369 "-" "Googlebot-Image/1.0"
200.68.183.21 - - [11/Oct/2023:11:47:28 -0400] "GET /__static/icons.svg HTTP/1.0" 200 46 "http://www.wesseling-lab.com/" "Mozilla/5.0 (iPhone; CPU iPhone OS 16_6 like Mac OS X) AppleWebKit/605.1.15 (KHTML, like Gecko) GSA/285.0.570543384 Mobile/15E148 Safari/604.1"
200.68.183.148 - - [11/Oct/2023:11:47:28 -0400] "GET /bundle/publish/0.28.1/svg/global.svg HTTP/1.0" 200 67588 "http://www.wesseling-lab.com/" "Mozilla/5.0 (iPhone; CPU iPhone OS 16_6 like Mac OS X) AppleWebKit/605.1.15 (KHTML, like Gecko) GSA/285.0.570543384 Mobile/15E148 Safari/604.1"
200.68.183.148 - - [11/Oct/2023:11:47:28 -0400] "GET /bundle/publish/0.28.1/svg/templates.svg HTTP/1.0" 200 513656 "http://www.wesseling-lab.com/" "Mozilla/5.0 (iPhone; CPU iPhone OS 16_6 like Mac OS X) AppleWebKit/605.1.15 (KHTML, like Gecko) GSA/285.0.570543384 Mobile/15E148 Safari/604.1"
200.68.183.148 - - [11/Oct/2023:11:47:47 -0400] "GET /frequencydynamics/ HTTP/1.0" 200 71056 "http://www.wesseling-lab.com/modelofratelimiting/" "Mozilla/5.0 (iPhone; CPU iPhone OS 16_6 like Mac OS X) AppleWebKit/605.1.15 (KHTML, like Gecko) GSA/285.0.570543384 Mobile/15E148 Safari/604.1"
200.68.183.148 - - [11/Oct/2023:11:47:57 -0400] "GET /people HTTP/1.0" 301 244 "http://www.wesseling-lab.com/frequencydynamics/" "Mozilla/5.0 (iPhone; CPU iPhone OS 16_6 like Mac OS X) AppleWebKit/605.1.15 (KHTML, like Gecko) GSA/285.0.570543384 Mobile/15E148 Safari/604.1"
10.30.72.4 - - [11/Oct/2023:13:20:31 -0400] "GET /people/ HTTP/1.0" 200 90219 "http://wesseling-lab.com/localattractions" "Mozilla/5.0 (Linux; Android 7.0;) AppleWebKit/537.36 (KHTML, like Gecko) Mobile Safari/537.36 (compatible; PetalBot;+https://webmaster.petalsearch.com/site/petalbot)"
10.30.72.4 - - [11/Oct/2023:14:19:55 -0400] "GET /privacy-and-cookies-policy HTTP/1.0" 301 264 "http://www.wesseling-lab.com/modelofratelimiting" "Mozilla/5.0 (Linux; Android 7.0;) AppleWebKit/537.36 (KHTML, like Gecko) Mobile Safari/537.36 (compatible; PetalBot;+https://webmaster.petalsearch.com/site/petalbot)"
216.128.151.187 - - [11/Oct/2023:03:48:56 -0400] "GET / HTTP/1.0" 200 71136 "-" "python-requests/2.22.0"
10.30.72.4 - - [11/Oct/2023:06:19:44 -0400] "GET /frequencydynamics/ HTTP/1.0" 200 71056 "-" "Mozilla/5.0 (Linux; Android 7.0;) AppleWebKit/537.36 (KHTML, like Gecko) Mobile Safari/537.36 (compatible; PetalBot;+https://webmaster.petalsearch.com/site/petalbot)"
178.62.82.141 - - [11/Oct/2023:10:03:40 -0400] "GET /people HTTP/1.0" 301 240 "-" "Mozilla/5.0 (Windows NT 6.0) AppleWebKit/537.36 (KHTML, like Gecko) Chrome/34.0.1847.116 Safari/537.36"
216.128.151.187 - - [11/Oct/2023:11:37:36 -0400] "GET / HTTP/1.0" 200 71136 "-" "python-requests/2.22.0"
66.249.64.194 - - [11/Oct/2023:11:37:51 -0400] "GET /robots.txt HTTP/1.0" 200 71 "-" "Mozilla/5.0 (compatible; Googlebot/2.1; +http://www.google.com/bot.html)"
200.68.183.21 - - [11/Oct/2023:11:47:28 -0400] "GET /__fonts/lato-normal-700.woff2 HTTP/1.0" 200 23040 "http://www.wesseling-lab.com/" "Mozilla/5.0 (iPhone; CPU iPhone OS 16_6 like Mac OS X) AppleWebKit/605.1.15 (KHTML, like Gecko) GSA/285.0.570543384 Mobile/15E148 Safari/604.1"
200.68.183.148 - - [11/Oct/2023:11:47:37 -0400] "GET /modelofratelimiting/ HTTP/1.0" 200 71739 "http://www.wesseling-lab.com/" "Mozilla/5.0 (iPhone; CPU iPhone OS 16_6 like Mac OS X) AppleWebKit/605.1.15 (KHTML, like Gecko) GSA/285.0.570543384 Mobile/15E148 Safari/604.1"
200.68.183.148 - - [11/Oct/2023:11:47:38 -0400] "GET /__fonts/roboto-normal-100.woff2 HTTP/1.0" 200 15764 "http://www.wesseling-lab.com/" "Mozilla/5.0 (iPhone; CPU iPhone OS 16_6 like Mac OS X) AppleWebKit/605.1.15 (KHTML, like Gecko) GSA/285.0.570543384 Mobile/15E148 Safari/604.1"
200.68.183.148 - - [11/Oct/2023:11:47:38 -0400] "GET /__fonts/roboto-normal-900.woff2 HTTP/1.0" 200 15752 "http://www.wesseling-lab.com/" "Mozilla/5.0 (iPhone; CPU iPhone OS 16_6 like Mac OS X) AppleWebKit/605.1.15 (KHTML, like Gecko) GSA/285.0.570543384 Mobile/15E148 Safari/604.1"
66.249.70.160 - - [11/Oct/2023:14:33:58 -0400] "GET /bundle/publish/0.28.1/bundle.js HTTP/1.0" 200 572650 "http://www.wesseling-lab.com/people/" "Mozilla/5.0 AppleWebKit/537.36 (KHTML, like Gecko; compatible; Googlebot/2.1; +http://www.google.com/bot.html) Chrome/117.0.5938.132 Safari/537.36"
66.249.70.174 - - [11/Oct/2023:14:33:59 -0400] "GET /bundle/publish/0.28.1/svg/templates.svg HTTP/1.0" 200 513656 "http://www.wesseling-lab.com/people/" "Mozilla/5.0 AppleWebKit/537.36 (KHTML, like Gecko; compatible; Googlebot/2.1; +http://www.google.com/bot.html) Chrome/117.0.5938.132 Safari/537.36"
66.249.70.174 - - [11/Oct/2023:14:34:00 -0400] "GET /bundle/publish/0.28.1/svg/publish.svg HTTP/1.0" 200 22207 "http://www.wesseling-lab.com/people/" "Mozilla/5.0 AppleWebKit/537.36 (KHTML, like Gecko; compatible; Googlebot/2.1; +http://www.google.com/bot.html) Chrome/117.0.5938.132 Safari/537.36"
